Archive member included because of file (symbol)

c:/armtoolchain/arm_gcc/bin/../lib/gcc/arm-none-eabi/4.9.3/../../../../arm-none-eabi/lib/armv7-m\libg.a(lib_a-errno.o)
                              ./System/syscalls.o (__errno)
c:/armtoolchain/arm_gcc/bin/../lib/gcc/arm-none-eabi/4.9.3/../../../../arm-none-eabi/lib/armv7-m\libg.a(lib_a-exit.o)
                              c:/armtoolchain/arm_gcc/bin/../lib/gcc/arm-none-eabi/4.9.3/../../../../arm-none-eabi/lib/armv7-m/crt0.o (exit)
c:/armtoolchain/arm_gcc/bin/../lib/gcc/arm-none-eabi/4.9.3/../../../../arm-none-eabi/lib/armv7-m\libg.a(lib_a-impure.o)
                              c:/armtoolchain/arm_gcc/bin/../lib/gcc/arm-none-eabi/4.9.3/../../../../arm-none-eabi/lib/armv7-m\libg.a(lib_a-exit.o) (_global_impure_ptr)
c:/armtoolchain/arm_gcc/bin/../lib/gcc/arm-none-eabi/4.9.3/../../../../arm-none-eabi/lib/armv7-m\libg.a(lib_a-init.o)
                              c:/armtoolchain/arm_gcc/bin/../lib/gcc/arm-none-eabi/4.9.3/../../../../arm-none-eabi/lib/armv7-m/crt0.o (__libc_init_array)
c:/armtoolchain/arm_gcc/bin/../lib/gcc/arm-none-eabi/4.9.3/../../../../arm-none-eabi/lib/armv7-m\libg.a(lib_a-malloc.o)
                              ./Src/usbd_conf.o (free)
c:/armtoolchain/arm_gcc/bin/../lib/gcc/arm-none-eabi/4.9.3/../../../../arm-none-eabi/lib/armv7-m\libg.a(lib_a-mallocr.o)
                              c:/armtoolchain/arm_gcc/bin/../lib/gcc/arm-none-eabi/4.9.3/../../../../arm-none-eabi/lib/armv7-m\libg.a(lib_a-malloc.o) (_malloc_r)
c:/armtoolchain/arm_gcc/bin/../lib/gcc/arm-none-eabi/4.9.3/../../../../arm-none-eabi/lib/armv7-m\libg.a(lib_a-memcpy.o)
                              ./Src/usbd_cdc_if.o (memcpy)
c:/armtoolchain/arm_gcc/bin/../lib/gcc/arm-none-eabi/4.9.3/../../../../arm-none-eabi/lib/armv7-m\libg.a(lib_a-memset.o)
                              c:/armtoolchain/arm_gcc/bin/../lib/gcc/arm-none-eabi/4.9.3/../../../../arm-none-eabi/lib/armv7-m/crt0.o (memset)
c:/armtoolchain/arm_gcc/bin/../lib/gcc/arm-none-eabi/4.9.3/../../../../arm-none-eabi/lib/armv7-m\libg.a(lib_a-mlock.o)
                              c:/armtoolchain/arm_gcc/bin/../lib/gcc/arm-none-eabi/4.9.3/../../../../arm-none-eabi/lib/armv7-m\libg.a(lib_a-mallocr.o) (__malloc_lock)
c:/armtoolchain/arm_gcc/bin/../lib/gcc/arm-none-eabi/4.9.3/../../../../arm-none-eabi/lib/armv7-m\libg.a(lib_a-sbrkr.o)
                              c:/armtoolchain/arm_gcc/bin/../lib/gcc/arm-none-eabi/4.9.3/../../../../arm-none-eabi/lib/armv7-m\libg.a(lib_a-mallocr.o) (_sbrk_r)
c:/armtoolchain/arm_gcc/bin/../lib/gcc/arm-none-eabi/4.9.3/../../../../arm-none-eabi/lib/armv7-m\libg.a(lib_a-__call_atexit.o)
                              c:/armtoolchain/arm_gcc/bin/../lib/gcc/arm-none-eabi/4.9.3/../../../../arm-none-eabi/lib/armv7-m\libg.a(lib_a-exit.o) (__call_exitprocs)
c:/armtoolchain/arm_gcc/bin/../lib/gcc/arm-none-eabi/4.9.3/../../../../arm-none-eabi/lib/armv7-m\libg.a(lib_a-atexit.o)
                              c:/armtoolchain/arm_gcc/bin/../lib/gcc/arm-none-eabi/4.9.3/../../../../arm-none-eabi/lib/armv7-m\libg.a(lib_a-__call_atexit.o) (atexit)
c:/armtoolchain/arm_gcc/bin/../lib/gcc/arm-none-eabi/4.9.3/../../../../arm-none-eabi/lib/armv7-m\libg.a(lib_a-fini.o)
                              c:/armtoolchain/arm_gcc/bin/../lib/gcc/arm-none-eabi/4.9.3/../../../../arm-none-eabi/lib/armv7-m\libg.a(lib_a-__call_atexit.o) (__libc_fini_array)
c:/armtoolchain/arm_gcc/bin/../lib/gcc/arm-none-eabi/4.9.3/../../../../arm-none-eabi/lib/armv7-m\libg.a(lib_a-freer.o)
                              c:/armtoolchain/arm_gcc/bin/../lib/gcc/arm-none-eabi/4.9.3/../../../../arm-none-eabi/lib/armv7-m\libg.a(lib_a-malloc.o) (_free_r)
c:/armtoolchain/arm_gcc/bin/../lib/gcc/arm-none-eabi/4.9.3/../../../../arm-none-eabi/lib/armv7-m\libg.a(lib_a-reent.o)
                              c:/armtoolchain/arm_gcc/bin/../lib/gcc/arm-none-eabi/4.9.3/../../../../arm-none-eabi/lib/armv7-m\libg.a(lib_a-sbrkr.o) (errno)
c:/armtoolchain/arm_gcc/bin/../lib/gcc/arm-none-eabi/4.9.3/../../../../arm-none-eabi/lib/armv7-m\libg.a(lib_a-__atexit.o)
                              c:/armtoolchain/arm_gcc/bin/../lib/gcc/arm-none-eabi/4.9.3/../../../../arm-none-eabi/lib/armv7-m\libg.a(lib_a-atexit.o) (__register_exitproc)

Allocating common symbols
Common symbol       size              file

hUsbDeviceFS        0x224             ./Src/usb_device.o
hUsbDevice_0        0x4               ./Src/usbd_cdc_if.o
rx_buff             0x40              ./Src/main.o
errno               0x4               c:/armtoolchain/arm_gcc/bin/../lib/gcc/arm-none-eabi/4.9.3/../../../../arm-none-eabi/lib/armv7-m\libg.a(lib_a-reent.o)
VCPInitialized      0x1               ./Src/usbd_cdc_if.o
pFlash              0x20              ./Drivers/STM32F1xx_HAL_Driver/Src/stm32f1xx_hal_flash.o
UserRxBufferFS      0x4               ./Src/usbd_cdc_if.o
UserTxBufferFS      0x4               ./Src/usbd_cdc_if.o
tx_buff             0x40              ./Src/main.o
[...]
Memory Configuration

Name             Origin             Length             Attributes
FLASH            0x08000000         0x00020000         xr
RAM              0x20000000         0x00004000         xrw
*default*        0x00000000         0xffffffff

Linker script and memory map

LOAD c:/armtoolchain/arm_gcc/bin/../lib/gcc/arm-none-eabi/4.9.3/armv7-m/crti.o
LOAD c:/armtoolchain/arm_gcc/bin/../lib/gcc/arm-none-eabi/4.9.3/armv7-m/crtbegin.o
LOAD c:/armtoolchain/arm_gcc/bin/../lib/gcc/arm-none-eabi/4.9.3/../../../../arm-none-eabi/lib/armv7-m/crt0.o
LOAD ./System/syscalls.o
LOAD ./Src/main.o
LOAD ./Src/stm32f1xx_hal_msp.o
LOAD ./Src/stm32f1xx_it.o
LOAD ./Src/usb_device.o
LOAD ./Src/usbd_cdc_if.o
LOAD ./Src/usbd_conf.o
LOAD ./Src/usbd_desc.o
LOAD ./Middlewares/ST/STM32_USB_Device_Library/Core/Src/usbd_core.o
LOAD ./Middlewares/ST/STM32_USB_Device_Library/Core/Src/usbd_ctlreq.o
LOAD ./Middlewares/ST/STM32_USB_Device_Library/Core/Src/usbd_ioreq.o
LOAD ./Middlewares/ST/STM32_USB_Device_Library/Class/CDC/Src/usbd_cdc.o
LOAD ./Middlewares/ST/STM32_USB_Device_Library/Class/CDC/Src/usbd_cdc_if_template.o
LOAD ./Drivers/STM32F1xx_HAL_Driver/Src/stm32f1xx_hal.o
LOAD ./Drivers/STM32F1xx_HAL_Driver/Src/stm32f1xx_hal_adc.o
LOAD ./Drivers/STM32F1xx_HAL_Driver/Src/stm32f1xx_hal_adc_ex.o
LOAD ./Drivers/STM32F1xx_HAL_Driver/Src/stm32f1xx_hal_can.o
LOAD ./Drivers/STM32F1xx_HAL_Driver/Src/stm32f1xx_hal_cec.o
LOAD ./Drivers/STM32F1xx_HAL_Driver/Src/stm32f1xx_hal_cortex.o
LOAD ./Drivers/STM32F1xx_HAL_Driver/Src/stm32f1xx_hal_crc.o
LOAD ./Drivers/STM32F1xx_HAL_Driver/Src/stm32f1xx_hal_dac.o
LOAD ./Drivers/STM32F1xx_HAL_Driver/Src/stm32f1xx_hal_dac_ex.o
LOAD ./Drivers/STM32F1xx_HAL_Driver/Src/stm32f1xx_hal_dma.o
LOAD ./Drivers/STM32F1xx_HAL_Driver/Src/stm32f1xx_hal_eth.o
LOAD ./Drivers/STM32F1xx_HAL_Driver/Src/stm32f1xx_hal_flash.o
LOAD ./Drivers/STM32F1xx_HAL_Driver/Src/stm32f1xx_hal_flash_ex.o
LOAD ./Drivers/STM32F1xx_HAL_Driver/Src/stm32f1xx_hal_gpio.o
LOAD ./Drivers/STM32F1xx_HAL_Driver/Src/stm32f1xx_hal_gpio_ex.o
LOAD ./Drivers/STM32F1xx_HAL_Driver/Src/stm32f1xx_hal_hcd.o
LOAD ./Drivers/STM32F1xx_HAL_Driver/Src/stm32f1xx_hal_i2c.o
LOAD ./Drivers/STM32F1xx_HAL_Driver/Src/stm32f1xx_hal_i2s.o
LOAD ./Drivers/STM32F1xx_HAL_Driver/Src/stm32f1xx_hal_irda.o
LOAD ./Drivers/STM32F1xx_HAL_Driver/Src/stm32f1xx_hal_iwdg.o
LOAD ./Drivers/STM32F1xx_HAL_Driver/Src/stm32f1xx_hal_nand.o
LOAD ./Drivers/STM32F1xx_HAL_Driver/Src/stm32f1xx_hal_nor.o
LOAD ./Drivers/STM32F1xx_HAL_Driver/Src/stm32f1xx_hal_pccard.o
LOAD ./Drivers/STM32F1xx_HAL_Driver/Src/stm32f1xx_hal_pcd.o
LOAD ./Drivers/STM32F1xx_HAL_Driver/Src/stm32f1xx_hal_pcd_ex.o
LOAD ./Drivers/STM32F1xx_HAL_Driver/Src/stm32f1xx_hal_pwr.o
LOAD ./Drivers/STM32F1xx_HAL_Driver/Src/stm32f1xx_hal_rcc.o
LOAD ./Drivers/STM32F1xx_HAL_Driver/Src/stm32f1xx_hal_rcc_ex.o
LOAD ./Drivers/STM32F1xx_HAL_Driver/Src/stm32f1xx_hal_rtc.o
LOAD ./Drivers/STM32F1xx_HAL_Driver/Src/stm32f1xx_hal_rtc_ex.o
LOAD ./Drivers/STM32F1xx_HAL_Driver/Src/stm32f1xx_hal_sd.o
LOAD ./Drivers/STM32F1xx_HAL_Driver/Src/stm32f1xx_hal_smartcard.o
LOAD ./Drivers/STM32F1xx_HAL_Driver/Src/stm32f1xx_hal_spi.o
LOAD ./Drivers/STM32F1xx_HAL_Driver/Src/stm32f1xx_hal_spi_ex.o
LOAD ./Drivers/STM32F1xx_HAL_Driver/Src/stm32f1xx_hal_sram.o
LOAD ./Drivers/STM32F1xx_HAL_Driver/Src/stm32f1xx_hal_tim.o
LOAD ./Drivers/STM32F1xx_HAL_Driver/Src/stm32f1xx_hal_tim_ex.o
LOAD ./Drivers/STM32F1xx_HAL_Driver/Src/stm32f1xx_hal_uart.o
LOAD ./Drivers/STM32F1xx_HAL_Driver/Src/stm32f1xx_hal_usart.o
LOAD ./Drivers/STM32F1xx_HAL_Driver/Src/stm32f1xx_hal_wwdg.o
LOAD ./Drivers/STM32F1xx_HAL_Driver/Src/stm32f1xx_ll_fsmc.o
LOAD ./Drivers/STM32F1xx_HAL_Driver/Src/stm32f1xx_ll_sdmmc.o
LOAD ./Drivers/STM32F1xx_HAL_Driver/Src/stm32f1xx_ll_usb.o
LOAD ./Drivers/CMSIS/Device/ST/STM32F1xx/Source/Templates/gcc/startup_stm32f102x6.o
LOAD ./Drivers/CMSIS/Device/ST/STM32F1xx/Source/Templates/system_stm32f1xx.o
LOAD c:/armtoolchain/arm_gcc/bin/../lib/gcc/arm-none-eabi/4.9.3/../../../../arm-none-eabi/lib/armv7-m\libstdc++.a
LOAD c:/armtoolchain/arm_gcc/bin/../lib/gcc/arm-none-eabi/4.9.3/../../../../arm-none-eabi/lib/armv7-m\libm.a
START GROUP
LOAD c:/armtoolchain/arm_gcc/bin/../lib/gcc/arm-none-eabi/4.9.3/armv7-m\libgcc.a
LOAD c:/armtoolchain/arm_gcc/bin/../lib/gcc/arm-none-eabi/4.9.3/../../../../arm-none-eabi/lib/armv7-m\libg.a
LOAD c:/armtoolchain/arm_gcc/bin/../lib/gcc/arm-none-eabi/4.9.3/../../../../arm-none-eabi/lib/armv7-m\libc.a
END GROUP
LOAD c:/armtoolchain/arm_gcc/bin/../lib/gcc/arm-none-eabi/4.9.3/armv7-m/crtend.o
LOAD c:/armtoolchain/arm_gcc/bin/../lib/gcc/arm-none-eabi/4.9.3/armv7-m/crtn.o
                0x20003fff                _estack = 0x20003fff
                0x00000000                _Min_Heap_Size = 0x0
                0x00000400                _Min_Stack_Size = 0x400

.isr_vector     0x08000000      0x10c
                0x08000000                . = ALIGN (0x4)
 *(.isr_vector)
 .isr_vector    0x08000000      0x10c ./Drivers/CMSIS/Device/ST/STM32F1xx/Source/Templates/gcc/startup_stm32f102x6.o
                0x08000000                g_pfnVectors
                0x0800010c                . = ALIGN (0x4)

.text           0x0800010c     0x6f3c
                0x0800010c                . = ALIGN (0x4)
 *(.text)
 .text          0x0800010c       0x5c c:/armtoolchain/arm_gcc/bin/../lib/gcc/arm-none-eabi/4.9.3/armv7-m/crtbegin.o
 .text          0x08000168       0xec c:/armtoolchain/arm_gcc/bin/../lib/gcc/arm-none-eabi/4.9.3/../../../../arm-none-eabi/lib/armv7-m\libg.a(lib_a-memcpy.o)
                0x08000168                memcpy
 *(.text*)
 .text._sbrk    0x08000254       0x5c ./System/syscalls.o
                0x08000254                _sbrk
 .text.main     0x080002b0       0x78 ./Src/main.o
                0x080002b0                main
 .text.SystemClock_Config
                0x08000328       0x84 ./Src/main.o
                0x08000328                SystemClock_Config
 .text.MX_GPIO_Init
                0x080003ac       0x78 ./Src/main.o
 .text.HAL_MspInit
                0x08000424       0x2c ./Src/stm32f1xx_hal_msp.o
                0x08000424                HAL_MspInit
 .text.SysTick_Handler
                0x08000450       0x10 ./Src/stm32f1xx_it.o
                0x08000450                SysTick_Handler
 .text.USB_LP_IRQHandler
                0x08000460       0x10 ./Src/stm32f1xx_it.o
                0x08000460                USB_LP_IRQHandler
 .text.MX_USB_DEVICE_Init
                0x08000470       0x38 ./Src/usb_device.o
                0x08000470                MX_USB_DEVICE_Init
 .text.CDC_DeInit_FS
                0x080004a8       0x14 ./Src/usbd_cdc_if.o
 .text.CDC_Control_FS
                0x080004bc       0xc0 ./Src/usbd_cdc_if.o
 .text.CDC_Init_FS
                0x0800057c       0x28 ./Src/usbd_cdc_if.o
 .text.CDC_Receive_FS
                0x080005a4       0x3c ./Src/usbd_cdc_if.o
 .text.VCP_read
                0x080005e0       0x98 ./Src/usbd_cdc_if.o
                0x080005e0                VCP_read
 .text.VCP_write
                0x08000678       0xa8 ./Src/usbd_cdc_if.o
                0x08000678                VCP_write
 .text.HAL_PCD_MspInit
                0x08000720       0x48 ./Src/usbd_conf.o
                0x08000720                HAL_PCD_MspInit
 .text.HAL_PCD_SetupStageCallback
                0x08000768       0x24 ./Src/usbd_conf.o
                0x08000768                HAL_PCD_SetupStageCallback
 .text.HAL_PCD_DataOutStageCallback
                0x0800078c       0x34 ./Src/usbd_conf.o
                0x0800078c                HAL_PCD_DataOutStageCallback
 .text.HAL_PCD_DataInStageCallback
                0x080007c0       0x30 ./Src/usbd_conf.o
                0x080007c0                HAL_PCD_DataInStageCallback
 .text.HAL_PCD_SOFCallback
                0x080007f0       0x1c ./Src/usbd_conf.o
                0x080007f0                HAL_PCD_SOFCallback
 .text.HAL_PCD_ResetCallback
                0x0800080c       0x44 ./Src/usbd_conf.o
                0x0800080c                HAL_PCD_ResetCallback
 .text.HAL_PCD_SuspendCallback
                0x08000850       0x34 ./Src/usbd_conf.o
                0x08000850                HAL_PCD_SuspendCallback
 .text.HAL_PCD_ResumeCallback
                0x08000884       0x1c ./Src/usbd_conf.o
                0x08000884                HAL_PCD_ResumeCallback
 .text.USBD_LL_Init
                0x080008a0       0xc0 ./Src/usbd_conf.o
                0x080008a0                USBD_LL_Init
 .text.USBD_LL_Start
                0x08000960       0x20 ./Src/usbd_conf.o
                0x08000960                USBD_LL_Start
 .text.USBD_LL_OpenEP
                0x08000980       0x34 ./Src/usbd_conf.o
                0x08000980                USBD_LL_OpenEP
 .text.USBD_LL_CloseEP
                0x080009b4       0x28 ./Src/usbd_conf.o
                0x080009b4                USBD_LL_CloseEP
 .text.USBD_LL_StallEP
                0x080009dc       0x28 ./Src/usbd_conf.o
                0x080009dc                USBD_LL_StallEP
 .text.USBD_LL_ClearStallEP
                0x08000a04       0x28 ./Src/usbd_conf.o
                0x08000a04                USBD_LL_ClearStallEP
 .text.USBD_LL_IsStallEP
                0x08000a2c       0x4c ./Src/usbd_conf.o
                0x08000a2c                USBD_LL_IsStallEP
 .text.USBD_LL_SetUSBAddress
                0x08000a78       0x28 ./Src/usbd_conf.o
                0x08000a78                USBD_LL_SetUSBAddress
 .text.USBD_LL_Transmit
                0x08000aa0       0x34 ./Src/usbd_conf.o
                0x08000aa0                USBD_LL_Transmit
 .text.USBD_LL_PrepareReceive
                0x08000ad4       0x34 ./Src/usbd_conf.o
                0x08000ad4                USBD_LL_PrepareReceive
 .text.USBD_LL_GetRxDataSize
                0x08000b08       0x28 ./Src/usbd_conf.o
                0x08000b08                USBD_LL_GetRxDataSize
 .text.USBD_static_malloc
                0x08000b30       0x1c ./Src/usbd_conf.o
                0x08000b30                USBD_static_malloc
 .text.USBD_static_free
                0x08000b4c       0x14 ./Src/usbd_conf.o
                0x08000b4c                USBD_static_free
 .text.HAL_PCDEx_SetConnectionState
                0x08000b60       0x18 ./Src/usbd_conf.o
                0x08000b60                HAL_PCDEx_SetConnectionState
 .text.USBD_FS_DeviceDescriptor
                0x08000b78       0x24 ./Src/usbd_desc.o
                0x08000b78                USBD_FS_DeviceDescriptor
 .text.USBD_FS_LangIDStrDescriptor
                0x08000b9c       0x24 ./Src/usbd_desc.o
                0x08000b9c                USBD_FS_LangIDStrDescriptor
 .text.USBD_FS_ProductStrDescriptor
                0x08000bc0       0x3c ./Src/usbd_desc.o
                0x08000bc0                USBD_FS_ProductStrDescriptor
 .text.USBD_FS_ManufacturerStrDescriptor
                0x08000bfc       0x28 ./Src/usbd_desc.o
                0x08000bfc                USBD_FS_ManufacturerStrDescriptor
 .text.USBD_FS_SerialStrDescriptor
                0x08000c24       0x3c ./Src/usbd_desc.o
                0x08000c24                USBD_FS_SerialStrDescriptor
 .text.USBD_FS_ConfigStrDescriptor
                0x08000c60       0x3c ./Src/usbd_desc.o
                0x08000c60                USBD_FS_ConfigStrDescriptor
 .text.USBD_FS_InterfaceStrDescriptor
                0x08000c9c       0x3c ./Src/usbd_desc.o
                0x08000c9c                USBD_FS_InterfaceStrDescriptor
 .text.USBD_Init
                0x08000cd8       0x58 ./Middlewares/ST/STM32_USB_Device_Library/Core/Src/usbd_core.o
                0x08000cd8                USBD_Init
 .text.USBD_RegisterClass
                0x08000d30       0x34 ./Middlewares/ST/STM32_USB_Device_Library/Core/Src/usbd_core.o
                0x08000d30                USBD_RegisterClass
 .text.USBD_Start
                0x08000d64       0x18 ./Middlewares/ST/STM32_USB_Device_Library/Core/Src/usbd_core.o
                0x08000d64                USBD_Start
 .text.USBD_RunTestMode
                0x08000d7c       0x18 ./Middlewares/ST/STM32_USB_Device_Library/Core/Src/usbd_core.o
                0x08000d7c                USBD_RunTestMode
 .text.USBD_SetClassConfig
                0x08000d94       0x40 ./Middlewares/ST/STM32_USB_Device_Library/Core/Src/usbd_core.o
                0x08000d94                USBD_SetClassConfig
 .text.USBD_ClrClassConfig
                0x08000dd4       0x28 ./Middlewares/ST/STM32_USB_Device_Library/Core/Src/usbd_core.o
                0x08000dd4                USBD_ClrClassConfig
 .text.USBD_LL_SetupStage
                0x08000dfc       0x94 ./Middlewares/ST/STM32_USB_Device_Library/Core/Src/usbd_core.o
                0x08000dfc                USBD_LL_SetupStage
 .text.USBD_LL_DataOutStage
                0x08000e90       0xb8 ./Middlewares/ST/STM32_USB_Device_Library/Core/Src/usbd_core.o
                0x08000e90                USBD_LL_DataOutStage
 .text.USBD_LL_DataInStage
                0x08000f48      0x108 ./Middlewares/ST/STM32_USB_Device_Library/Core/Src/usbd_core.o
                0x08000f48                USBD_LL_DataInStage
 .text.USBD_LL_Reset
                0x08001050       0x60 ./Middlewares/ST/STM32_USB_Device_Library/Core/Src/usbd_core.o
                0x08001050                USBD_LL_Reset
 .text.USBD_LL_SetSpeed
                0x080010b0       0x20 ./Middlewares/ST/STM32_USB_Device_Library/Core/Src/usbd_core.o
                0x080010b0                USBD_LL_SetSpeed
 .text.USBD_LL_Suspend
                0x080010d0       0x2c ./Middlewares/ST/STM32_USB_Device_Library/Core/Src/usbd_core.o
                0x080010d0                USBD_LL_Suspend
 .text.USBD_LL_Resume
                0x080010fc       0x24 ./Middlewares/ST/STM32_USB_Device_Library/Core/Src/usbd_core.o
                0x080010fc                USBD_LL_Resume
 .text.USBD_LL_SOF
                0x08001120       0x34 ./Middlewares/ST/STM32_USB_Device_Library/Core/Src/usbd_core.o
                0x08001120                USBD_LL_SOF
 .text.USBD_StdDevReq
                0x08001154       0xa0 ./Middlewares/ST/STM32_USB_Device_Library/Core/Src/usbd_ctlreq.o
                0x08001154                USBD_StdDevReq
 .text.USBD_StdItfReq
                0x080011f4       0x68 ./Middlewares/ST/STM32_USB_Device_Library/Core/Src/usbd_ctlreq.o
                0x080011f4                USBD_StdItfReq
 .text.USBD_StdEPReq
                0x0800125c      0x190 ./Middlewares/ST/STM32_USB_Device_Library/Core/Src/usbd_ctlreq.o
                0x0800125c                USBD_StdEPReq
 .text.USBD_GetDescriptor
                0x080013ec      0x1f8 ./Middlewares/ST/STM32_USB_Device_Library/Core/Src/usbd_ctlreq.o
 .text.USBD_SetAddress
                0x080015e4       0x7c ./Middlewares/ST/STM32_USB_Device_Library/Core/Src/usbd_ctlreq.o
 .text.USBD_SetConfig
                0x08001660      0x114 ./Middlewares/ST/STM32_USB_Device_Library/Core/Src/usbd_ctlreq.o
 .text.USBD_GetConfig
                0x08001774       0x64 ./Middlewares/ST/STM32_USB_Device_Library/Core/Src/usbd_ctlreq.o
 .text.USBD_GetStatus
                0x080017d8       0x54 ./Middlewares/ST/STM32_USB_Device_Library/Core/Src/usbd_ctlreq.o
 .text.USBD_SetFeature
                0x0800182c       0x34 ./Middlewares/ST/STM32_USB_Device_Library/Core/Src/usbd_ctlreq.o
 .text.USBD_ClrFeature
                0x08001860       0x50 ./Middlewares/ST/STM32_USB_Device_Library/Core/Src/usbd_ctlreq.o
 .text.USBD_ParseSetupRequest
                0x080018b0       0x78 ./Middlewares/ST/STM32_USB_Device_Library/Core/Src/usbd_ctlreq.o
                0x080018b0                USBD_ParseSetupRequest
 .text.USBD_CtlError
                0x08001928       0x20 ./Middlewares/ST/STM32_USB_Device_Library/Core/Src/usbd_ctlreq.o
                0x08001928                USBD_CtlError
 .text.USBD_GetString
                0x08001948       0x84 ./Middlewares/ST/STM32_USB_Device_Library/Core/Src/usbd_ctlreq.o
                0x08001948                USBD_GetString
 .text.USBD_GetLen
                0x080019cc       0x30 ./Middlewares/ST/STM32_USB_Device_Library/Core/Src/usbd_ctlreq.o
 .text.USBD_CtlSendData
                0x080019fc       0x38 ./Middlewares/ST/STM32_USB_Device_Library/Core/Src/usbd_ioreq.o
                0x080019fc                USBD_CtlSendData
 .text.USBD_CtlContinueSendData
                0x08001a34       0x24 ./Middlewares/ST/STM32_USB_Device_Library/Core/Src/usbd_ioreq.o
                0x08001a34                USBD_CtlContinueSendData
 .text.USBD_CtlPrepareRx
                0x08001a58       0x3c ./Middlewares/ST/STM32_USB_Device_Library/Core/Src/usbd_ioreq.o
                0x08001a58                USBD_CtlPrepareRx
 .text.USBD_CtlContinueRx
                0x08001a94       0x24 ./Middlewares/ST/STM32_USB_Device_Library/Core/Src/usbd_ioreq.o
                0x08001a94                USBD_CtlContinueRx
 .text.USBD_CtlSendStatus
                0x08001ab8       0x28 ./Middlewares/ST/STM32_USB_Device_Library/Core/Src/usbd_ioreq.o
                0x08001ab8                USBD_CtlSendStatus
 .text.USBD_CtlReceiveStatus
                0x08001ae0       0x28 ./Middlewares/ST/STM32_USB_Device_Library/Core/Src/usbd_ioreq.o
                0x08001ae0                USBD_CtlReceiveStatus
 .text.USBD_CDC_Init
                0x08001b08       0xd8 ./Middlewares/ST/STM32_USB_Device_Library/Class/CDC/Src/usbd_cdc.o
 .text.USBD_CDC_DeInit
                0x08001be0       0x5c ./Middlewares/ST/STM32_USB_Device_Library/Class/CDC/Src/usbd_cdc.o
 .text.USBD_CDC_Setup
                0x08001c3c       0xa4 ./Middlewares/ST/STM32_USB_Device_Library/Class/CDC/Src/usbd_cdc.o
 .text.USBD_CDC_DataIn
                0x08001ce0       0x38 ./Middlewares/ST/STM32_USB_Device_Library/Class/CDC/Src/usbd_cdc.o
 .text.USBD_CDC_DataOut
                0x08001d18       0x58 ./Middlewares/ST/STM32_USB_Device_Library/Class/CDC/Src/usbd_cdc.o
 .text.USBD_CDC_EP0_RxReady
                0x08001d70       0x50 ./Middlewares/ST/STM32_USB_Device_Library/Class/CDC/Src/usbd_cdc.o
 .text.USBD_CDC_GetFSCfgDesc
                0x08001dc0       0x20 ./Middlewares/ST/STM32_USB_Device_Library/Class/CDC/Src/usbd_cdc.o
 .text.USBD_CDC_GetHSCfgDesc
                0x08001de0       0x20 ./Middlewares/ST/STM32_USB_Device_Library/Class/CDC/Src/usbd_cdc.o
 .text.USBD_CDC_GetOtherSpeedCfgDesc
                0x08001e00       0x20 ./Middlewares/ST/STM32_USB_Device_Library/Class/CDC/Src/usbd_cdc.o
 .text.USBD_CDC_GetDeviceQualifierDescriptor
                0x08001e20       0x20 ./Middlewares/ST/STM32_USB_Device_Library/Class/CDC/Src/usbd_cdc.o
                0x08001e20                USBD_CDC_GetDeviceQualifierDescriptor
 .text.USBD_CDC_RegisterInterface
                0x08001e40       0x30 ./Middlewares/ST/STM32_USB_Device_Library/Class/CDC/Src/usbd_cdc.o
                0x08001e40                USBD_CDC_RegisterInterface
 .text.USBD_CDC_SetTxBuffer
                0x08001e70       0x34 ./Middlewares/ST/STM32_USB_Device_Library/Class/CDC/Src/usbd_cdc.o
                0x08001e70                USBD_CDC_SetTxBuffer
 .text.USBD_CDC_SetRxBuffer
                0x08001ea4       0x28 ./Middlewares/ST/STM32_USB_Device_Library/Class/CDC/Src/usbd_cdc.o
                0x08001ea4                USBD_CDC_SetRxBuffer
 .text.USBD_CDC_TransmitPacket
                0x08001ecc       0x54 ./Middlewares/ST/STM32_USB_Device_Library/Class/CDC/Src/usbd_cdc.o
                0x08001ecc                USBD_CDC_TransmitPacket
 .text.USBD_CDC_ReceivePacket
                0x08001f20       0x58 ./Middlewares/ST/STM32_USB_Device_Library/Class/CDC/Src/usbd_cdc.o
                0x08001f20                USBD_CDC_ReceivePacket
 .text.HAL_Init
                0x08001f78       0x2c ./Drivers/STM32F1xx_HAL_Driver/Src/stm32f1xx_hal.o
                0x08001f78                HAL_Init
 .text.HAL_InitTick
                0x08001fa4       0x38 ./Drivers/STM32F1xx_HAL_Driver/Src/stm32f1xx_hal.o
                0x08001fa4                HAL_InitTick
 .text.HAL_IncTick
                0x08001fdc       0x1c ./Drivers/STM32F1xx_HAL_Driver/Src/stm32f1xx_hal.o
                0x08001fdc                HAL_IncTick
 .text.HAL_GetTick
                0x08001ff8       0x18 ./Drivers/STM32F1xx_HAL_Driver/Src/stm32f1xx_hal.o
                0x08001ff8                HAL_GetTick
 .text.HAL_Delay
                0x08002010       0x2c ./Drivers/STM32F1xx_HAL_Driver/Src/stm32f1xx_hal.o
                0x08002010                HAL_Delay
 .text.NVIC_SetPriorityGrouping
                0x0800203c       0x48 ./Drivers/STM32F1xx_HAL_Driver/Src/stm32f1xx_hal_cortex.o
 .text.NVIC_GetPriorityGrouping
                0x08002084       0x1c ./Drivers/STM32F1xx_HAL_Driver/Src/stm32f1xx_hal_cortex.o
 .text.NVIC_EnableIRQ
                0x080020a0       0x30 ./Drivers/STM32F1xx_HAL_Driver/Src/stm32f1xx_hal_cortex.o
 .text.NVIC_SetPriority
                0x080020d0       0x54 ./Drivers/STM32F1xx_HAL_Driver/Src/stm32f1xx_hal_cortex.o
 .text.NVIC_EncodePriority
                0x08002124       0x68 ./Drivers/STM32F1xx_HAL_Driver/Src/stm32f1xx_hal_cortex.o
 .text.SysTick_Config
                0x0800218c       0x44 ./Drivers/STM32F1xx_HAL_Driver/Src/stm32f1xx_hal_cortex.o
 .text.HAL_NVIC_SetPriorityGrouping
                0x080021d0       0x14 ./Drivers/STM32F1xx_HAL_Driver/Src/stm32f1xx_hal_cortex.o
                0x080021d0                HAL_NVIC_SetPriorityGrouping
 .text.HAL_NVIC_SetPriority
                0x080021e4       0x38 ./Drivers/STM32F1xx_HAL_Driver/Src/stm32f1xx_hal_cortex.o
                0x080021e4                HAL_NVIC_SetPriority
 .text.HAL_NVIC_EnableIRQ
                0x0800221c       0x1c ./Drivers/STM32F1xx_HAL_Driver/Src/stm32f1xx_hal_cortex.o
                0x0800221c                HAL_NVIC_EnableIRQ
 .text.HAL_SYSTICK_Config
                0x08002238       0x18 ./Drivers/STM32F1xx_HAL_Driver/Src/stm32f1xx_hal_cortex.o
                0x08002238                HAL_SYSTICK_Config
 .text.HAL_SYSTICK_IRQHandler
                0x08002250        0xc ./Drivers/STM32F1xx_HAL_Driver/Src/stm32f1xx_hal_cortex.o
                0x08002250                HAL_SYSTICK_IRQHandler
 .text.HAL_SYSTICK_Callback
                0x0800225c        0xc ./Drivers/STM32F1xx_HAL_Driver/Src/stm32f1xx_hal_cortex.o
                0x0800225c                HAL_SYSTICK_Callback
 .text.HAL_GPIO_Init
                0x08002268      0x2ac ./Drivers/STM32F1xx_HAL_Driver/Src/stm32f1xx_hal_gpio.o
                0x08002268                HAL_GPIO_Init
 .text.HAL_GPIO_WritePin
                0x08002514       0x30 ./Drivers/STM32F1xx_HAL_Driver/Src/stm32f1xx_hal_gpio.o
                0x08002514                HAL_GPIO_WritePin
 .text.HAL_PCD_Init
                0x08002544      0x1b4 ./Drivers/STM32F1xx_HAL_Driver/Src/stm32f1xx_hal_pcd.o
                0x08002544                HAL_PCD_Init
 .text.HAL_PCD_Start
                0x080026f8       0x4c ./Drivers/STM32F1xx_HAL_Driver/Src/stm32f1xx_hal_pcd.o
                0x080026f8                HAL_PCD_Start
 .text.HAL_PCD_IRQHandler
                0x08002744      0x1f0 ./Drivers/STM32F1xx_HAL_Driver/Src/stm32f1xx_hal_pcd.o
                0x08002744                HAL_PCD_IRQHandler
 .text.HAL_PCD_SetAddress
                0x08002934       0x4c ./Drivers/STM32F1xx_HAL_Driver/Src/stm32f1xx_hal_pcd.o
                0x08002934                HAL_PCD_SetAddress
 .text.HAL_PCD_EP_Open
                0x08002980       0xa8 ./Drivers/STM32F1xx_HAL_Driver/Src/stm32f1xx_hal_pcd.o
                0x08002980                HAL_PCD_EP_Open
 .text.HAL_PCD_EP_Close
                0x08002a28       0x88 ./Drivers/STM32F1xx_HAL_Driver/Src/stm32f1xx_hal_pcd.o
                0x08002a28                HAL_PCD_EP_Close
 .text.HAL_PCD_EP_Receive
                0x08002ab0       0x98 ./Drivers/STM32F1xx_HAL_Driver/Src/stm32f1xx_hal_pcd.o
                0x08002ab0                HAL_PCD_EP_Receive
 .text.HAL_PCD_EP_GetRxCount
                0x08002b48       0x2c ./Drivers/STM32F1xx_HAL_Driver/Src/stm32f1xx_hal_pcd.o
                0x08002b48                HAL_PCD_EP_GetRxCount
 .text.HAL_PCD_EP_Transmit
                0x08002b74       0x94 ./Drivers/STM32F1xx_HAL_Driver/Src/stm32f1xx_hal_pcd.o
                0x08002b74                HAL_PCD_EP_Transmit
 .text.HAL_PCD_EP_SetStall
                0x08002c08       0xa8 ./Drivers/STM32F1xx_HAL_Driver/Src/stm32f1xx_hal_pcd.o
                0x08002c08                HAL_PCD_EP_SetStall
 .text.HAL_PCD_EP_ClrStall
                0x08002cb0       0x8c ./Drivers/STM32F1xx_HAL_Driver/Src/stm32f1xx_hal_pcd.o
                0x08002cb0                HAL_PCD_EP_ClrStall
 .text.PCD_EP_ISR_Handler
                0x08002d3c      0x670 ./Drivers/STM32F1xx_HAL_Driver/Src/stm32f1xx_hal_pcd.o
 .text.HAL_PCDEx_PMAConfig
                0x080033ac       0x80 ./Drivers/STM32F1xx_HAL_Driver/Src/stm32f1xx_hal_pcd_ex.o
                0x080033ac                HAL_PCDEx_PMAConfig
 .text.HAL_RCC_OscConfig
                0x0800342c     0x16ec ./Drivers/STM32F1xx_HAL_Driver/Src/stm32f1xx_hal_rcc.o
                0x0800342c                HAL_RCC_OscConfig
 .text.HAL_RCC_GetSysClockFreq
                0x08004b18      0x108 ./Drivers/STM32F1xx_HAL_Driver/Src/stm32f1xx_hal_rcc.o
                0x08004b18                HAL_RCC_GetSysClockFreq
 .text.HAL_RCC_GetHCLKFreq
                0x08004c20       0x58 ./Drivers/STM32F1xx_HAL_Driver/Src/stm32f1xx_hal_rcc.o
                0x08004c20                HAL_RCC_GetHCLKFreq
 .text.HAL_RCC_ClockConfig
                0x08004c78      0x760 ./Drivers/STM32F1xx_HAL_Driver/Src/stm32f1xx_hal_rcc_ex.o
                0x08004c78                HAL_RCC_ClockConfig
 .text.HAL_RCCEx_PeriphCLKConfig
                0x080053d8      0x208 ./Drivers/STM32F1xx_HAL_Driver/Src/stm32f1xx_hal_rcc_ex.o
                0x080053d8                HAL_RCCEx_PeriphCLKConfig
 .text.USB_CoreInit
                0x080055e0       0x24 ./Drivers/STM32F1xx_HAL_Driver/Src/stm32f1xx_ll_usb.o
                0x080055e0                USB_CoreInit
 .text.USB_EnableGlobalInt
                0x08005604       0x38 ./Drivers/STM32F1xx_HAL_Driver/Src/stm32f1xx_ll_usb.o
                0x08005604                USB_EnableGlobalInt
 .text.USB_DisableGlobalInt
                0x0800563c       0x3c ./Drivers/STM32F1xx_HAL_Driver/Src/stm32f1xx_ll_usb.o
                0x0800563c                USB_DisableGlobalInt
 .text.USB_SetCurrentMode
                0x08005678       0x1c ./Drivers/STM32F1xx_HAL_Driver/Src/stm32f1xx_ll_usb.o
                0x08005678                USB_SetCurrentMode
 .text.USB_DevInit
                0x08005694       0x44 ./Drivers/STM32F1xx_HAL_Driver/Src/stm32f1xx_ll_usb.o
                0x08005694                USB_DevInit
 .text.USB_ActivateEndpoint
                0x080056d8      0x590 ./Drivers/STM32F1xx_HAL_Driver/Src/stm32f1xx_ll_usb.o
                0x080056d8                USB_ActivateEndpoint
 .text.USB_DeactivateEndpoint
                0x08005c68      0x310 ./Drivers/STM32F1xx_HAL_Driver/Src/stm32f1xx_ll_usb.o
                0x08005c68                USB_DeactivateEndpoint
 .text.USB_EPStartXfer
                0x08005f78      0x3b4 ./Drivers/STM32F1xx_HAL_Driver/Src/stm32f1xx_ll_usb.o
                0x08005f78                USB_EPStartXfer
 .text.USB_EPSetStall
                0x0800632c       0xc0 ./Drivers/STM32F1xx_HAL_Driver/Src/stm32f1xx_ll_usb.o
                0x0800632c                USB_EPSetStall
 .text.USB_EPClearStall
                0x080063ec      0x114 ./Drivers/STM32F1xx_HAL_Driver/Src/stm32f1xx_ll_usb.o
                0x080063ec                USB_EPClearStall
 .text.USB_SetDevAddress
                0x08006500       0x28 ./Drivers/STM32F1xx_HAL_Driver/Src/stm32f1xx_ll_usb.o
                0x08006500                USB_SetDevAddress
 .text.USB_DevConnect
                0x08006528       0x18 ./Drivers/STM32F1xx_HAL_Driver/Src/stm32f1xx_ll_usb.o
                0x08006528                USB_DevConnect
 .text.USB_DevDisconnect
                0x08006540       0x18 ./Drivers/STM32F1xx_HAL_Driver/Src/stm32f1xx_ll_usb.o
                0x08006540                USB_DevDisconnect
 .text.USB_ReadInterrupts
                0x08006558       0x24 ./Drivers/STM32F1xx_HAL_Driver/Src/stm32f1xx_ll_usb.o
                0x08006558                USB_ReadInterrupts
 .text.USB_EP0_OutStart
                0x0800657c       0x18 ./Drivers/STM32F1xx_HAL_Driver/Src/stm32f1xx_ll_usb.o
                0x0800657c                USB_EP0_OutStart
 .text.USB_WritePMA
                0x08006594       0x8c ./Drivers/STM32F1xx_HAL_Driver/Src/stm32f1xx_ll_usb.o
                0x08006594                USB_WritePMA
 .text.USB_ReadPMA
                0x08006620       0x6c ./Drivers/STM32F1xx_HAL_Driver/Src/stm32f1xx_ll_usb.o
                0x08006620                USB_ReadPMA
 .text.Reset_Handler
                0x0800668c       0x48 ./Drivers/CMSIS/Device/ST/STM32F1xx/Source/Templates/gcc/startup_stm32f102x6.o
                0x0800668c                Reset_Handler
 .text.Default_Handler
                0x080066d4        0x2 ./Drivers/CMSIS/Device/ST/STM32F1xx/Source/Templates/gcc/startup_stm32f102x6.o
                0x080066d4                RTC_Alarm_IRQHandler
                0x080066d4                EXTI2_IRQHandler
                0x080066d4                DebugMon_Handler
                0x080066d4                HardFault_Handler
                0x080066d4                USB_HP_IRQHandler
                0x080066d4                PVD_IRQHandler
                0x080066d4                PendSV_Handler
                0x080066d4                NMI_Handler
                0x080066d4                EXTI3_IRQHandler
                0x080066d4                EXTI0_IRQHandler
                0x080066d4                UsageFault_Handler
                0x080066d4                SPI1_IRQHandler
                0x080066d4                TAMPER_IRQHandler
                0x080066d4                DMA1_Channel4_IRQHandler
                0x080066d4                ADC1_IRQHandler
                0x080066d4                RTC_IRQHandler
                0x080066d4                DMA1_Channel7_IRQHandler
                0x080066d4                I2C1_EV_IRQHandler
                0x080066d4                DMA1_Channel6_IRQHandler
                0x080066d4                TIM3_IRQHandler
                0x080066d4                RCC_IRQHandler
                0x080066d4                DMA1_Channel1_IRQHandler
                0x080066d4                Default_Handler
                0x080066d4                EXTI15_10_IRQHandler
                0x080066d4                EXTI9_5_IRQHandler
                0x080066d4                MemManage_Handler
                0x080066d4                SVC_Handler
                0x080066d4                DMA1_Channel5_IRQHandler
                0x080066d4                EXTI4_IRQHandler
                0x080066d4                DMA1_Channel3_IRQHandler
                0x080066d4                WWDG_IRQHandler
                0x080066d4                TIM2_IRQHandler
                0x080066d4                EXTI1_IRQHandler
                0x080066d4                USART2_IRQHandler
                0x080066d4                DMA1_Channel2_IRQHandler
                0x080066d4                FLASH_IRQHandler
                0x080066d4                BusFault_Handler
                0x080066d4                USART1_IRQHandler
                0x080066d4                I2C1_ER_IRQHandler
                0x080066d4                USBWakeUp_IRQHandler
 *fill*         0x080066d6        0x2 
 .text.SystemInit
                0x080066d8       0x68 ./Drivers/CMSIS/Device/ST/STM32F1xx/Source/Templates/system_stm32f1xx.o
                0x080066d8                SystemInit
 .text.__errno  0x08006740        0xc c:/armtoolchain/arm_gcc/bin/../lib/gcc/arm-none-eabi/4.9.3/../../../../arm-none-eabi/lib/armv7-m\libg.a(lib_a-errno.o)
                0x08006740                __errno
 .text.__libc_init_array
                0x0800674c       0x50 c:/armtoolchain/arm_gcc/bin/../lib/gcc/arm-none-eabi/4.9.3/../../../../arm-none-eabi/lib/armv7-m\libg.a(lib_a-init.o)
                0x0800674c                __libc_init_array
 .text.malloc   0x0800679c       0x10 c:/armtoolchain/arm_gcc/bin/../lib/gcc/arm-none-eabi/4.9.3/../../../../arm-none-eabi/lib/armv7-m\libg.a(lib_a-malloc.o)
                0x0800679c                malloc
 .text.free     0x080067ac       0x10 c:/armtoolchain/arm_gcc/bin/../lib/gcc/arm-none-eabi/4.9.3/../../../../arm-none-eabi/lib/armv7-m\libg.a(lib_a-malloc.o)
                0x080067ac                free
 .text._malloc_r
                0x080067bc      0x50c c:/armtoolchain/arm_gcc/bin/../lib/gcc/arm-none-eabi/4.9.3/../../../../arm-none-eabi/lib/armv7-m\libg.a(lib_a-mallocr.o)
                0x080067bc                _malloc_r
 .text.__malloc_lock
                0x08006cc8        0x4 c:/armtoolchain/arm_gcc/bin/../lib/gcc/arm-none-eabi/4.9.3/../../../../arm-none-eabi/lib/armv7-m\libg.a(lib_a-mlock.o)
                0x08006cc8                __malloc_lock
 .text.__malloc_unlock
                0x08006ccc        0x4 c:/armtoolchain/arm_gcc/bin/../lib/gcc/arm-none-eabi/4.9.3/../../../../arm-none-eabi/lib/armv7-m\libg.a(lib_a-mlock.o)
                0x08006ccc                __malloc_unlock
 .text._sbrk_r  0x08006cd0       0x24 c:/armtoolchain/arm_gcc/bin/../lib/gcc/arm-none-eabi/4.9.3/../../../../arm-none-eabi/lib/armv7-m\libg.a(lib_a-sbrkr.o)
                0x08006cd0                _sbrk_r
 .text.startup.register_fini
                0x08006cf4       0x14 c:/armtoolchain/arm_gcc/bin/../lib/gcc/arm-none-eabi/4.9.3/../../../../arm-none-eabi/lib/armv7-m\libg.a(lib_a-__call_atexit.o)
 .text.atexit   0x08006d08        0xc c:/armtoolchain/arm_gcc/bin/../lib/gcc/arm-none-eabi/4.9.3/../../../../arm-none-eabi/lib/armv7-m\libg.a(lib_a-atexit.o)
                0x08006d08                atexit
 .text.__libc_fini_array
                0x08006d14       0x2c c:/armtoolchain/arm_gcc/bin/../lib/gcc/arm-none-eabi/4.9.3/../../../../arm-none-eabi/lib/armv7-m\libg.a(lib_a-fini.o)
                0x08006d14                __libc_fini_array
 .text._malloc_trim_r
                0x08006d40       0x9c c:/armtoolchain/arm_gcc/bin/../lib/gcc/arm-none-eabi/4.9.3/../../../../arm-none-eabi/lib/armv7-m\libg.a(lib_a-freer.o)
                0x08006d40                _malloc_trim_r
 .text._free_r  0x08006ddc      0x1b0 c:/armtoolchain/arm_gcc/bin/../lib/gcc/arm-none-eabi/4.9.3/../../../../arm-none-eabi/lib/armv7-m\libg.a(lib_a-freer.o)
                0x08006ddc                _free_r
 .text.__register_exitproc
                0x08006f8c       0xa4 c:/armtoolchain/arm_gcc/bin/../lib/gcc/arm-none-eabi/4.9.3/../../../../arm-none-eabi/lib/armv7-m\libg.a(lib_a-__atexit.o)
                0x08006f8c                __register_exitproc
 *(.glue_7)
 .glue_7        0x00000000        0x0 linker stubs
 *(.glue_7t)
 .glue_7t       0x00000000        0x0 linker stubs
 *(.eh_frame)
 .eh_frame      0x08007030        0x0 c:/armtoolchain/arm_gcc/bin/../lib/gcc/arm-none-eabi/4.9.3/armv7-m/crtbegin.o
 *(.init)
 .init          0x08007030        0x4 c:/armtoolchain/arm_gcc/bin/../lib/gcc/arm-none-eabi/4.9.3/armv7-m/crti.o
                0x08007030                _init
 .init          0x08007034        0x8 c:/armtoolchain/arm_gcc/bin/../lib/gcc/arm-none-eabi/4.9.3/armv7-m/crtn.o
 *(.fini)
 .fini          0x0800703c        0x4 c:/armtoolchain/arm_gcc/bin/../lib/gcc/arm-none-eabi/4.9.3/armv7-m/crti.o
                0x0800703c                _fini
 .fini          0x08007040        0x8 c:/armtoolchain/arm_gcc/bin/../lib/gcc/arm-none-eabi/4.9.3/armv7-m/crtn.o
                0x08007048                . = ALIGN (0x4)
                0x08007048                _etext = .

.vfp11_veneer   0x08007048        0x0
 .vfp11_veneer  0x00000000        0x0 linker stubs

.v4_bx          0x08007048        0x0
 .v4_bx         0x00000000        0x0 linker stubs

.iplt           0x08007048        0x0
 .iplt          0x00000000        0x0 c:/armtoolchain/arm_gcc/bin/../lib/gcc/arm-none-eabi/4.9.3/armv7-m/crtbegin.o

.rodata         0x08007048       0x98
                0x08007048                . = ALIGN (0x4)
 *(.rodata)
 .rodata        0x08007048       0x14 ./Src/main.o
 .rodata        0x0800705c       0x58 ./Src/usbd_desc.o
 .rodata        0x080070b4       0x14 ./Drivers/STM32F1xx_HAL_Driver/Src/stm32f1xx_hal_rcc.o
 *(.rodata*)
 .rodata.aAPBAHBPrescTable
                0x080070c8       0x10 ./Drivers/STM32F1xx_HAL_Driver/Src/stm32f1xx_hal_rcc.o
                0x080070c8                aAPBAHBPrescTable
 .rodata.str1.4
                0x080070d8        0x4 c:/armtoolchain/arm_gcc/bin/../lib/gcc/arm-none-eabi/4.9.3/../../../../arm-none-eabi/lib/armv7-m\libg.a(lib_a-impure.o)
 .rodata._global_impure_ptr
                0x080070dc        0x4 c:/armtoolchain/arm_gcc/bin/../lib/gcc/arm-none-eabi/4.9.3/../../../../arm-none-eabi/lib/armv7-m\libg.a(lib_a-impure.o)
                0x080070dc                _global_impure_ptr
                0x080070e0                . = ALIGN (0x4)

.rel.dyn        0x080070e0        0x0
 .rel.iplt      0x00000000        0x0 c:/armtoolchain/arm_gcc/bin/../lib/gcc/arm-none-eabi/4.9.3/armv7-m/crtbegin.o

.ARM.extab
 *(.ARM.extab* .gnu.linkonce.armextab.*)

.ARM            0x080070e0        0x0
                0x080070e0                __exidx_start = .
 *(.ARM.exidx*)
                0x080070e0                __exidx_end = .

.preinit_array  0x080070e0        0x0
                0x080070e0                PROVIDE (__preinit_array_start, .)
 *(.preinit_array*)
                0x080070e0                PROVIDE (__preinit_array_end, .)

.init_array     0x080070e0        0x8
                0x080070e0                PROVIDE (__init_array_start, .)
 *(SORT(.init_array.*))
 .init_array.00000
                0x080070e0        0x4 c:/armtoolchain/arm_gcc/bin/../lib/gcc/arm-none-eabi/4.9.3/../../../../arm-none-eabi/lib/armv7-m\libg.a(lib_a-__call_atexit.o)
 *(.init_array*)
 .init_array    0x080070e4        0x4 c:/armtoolchain/arm_gcc/bin/../lib/gcc/arm-none-eabi/4.9.3/armv7-m/crtbegin.o
                0x080070e8                PROVIDE (__init_array_end, .)

.fini_array     0x080070e8        0x4
                0x080070e8                PROVIDE (__fini_array_start, .)
 *(SORT(.fini_array.*))
 *(.fini_array*)
 .fini_array    0x080070e8        0x4 c:/armtoolchain/arm_gcc/bin/../lib/gcc/arm-none-eabi/4.9.3/armv7-m/crtbegin.o
                0x080070ec                PROVIDE (__fini_array_end, .)
                0x080070ec                _sidata = LOADADDR (.data)

.data           0x20000000      0x994 load address 0x080070ec
                0x20000000                . = ALIGN (0x4)
                0x20000000                _sdata = .
 *(.data)
 *(.data*)
 .data.USBD_Interface_fops_FS
                0x20000000       0x10 ./Src/usbd_cdc_if.o
                0x20000000                USBD_Interface_fops_FS
 .data.FS_Desc  0x20000010       0x1c ./Src/usbd_desc.o
                0x20000010                FS_Desc
 .data.USBD_FS_DeviceDesc
                0x2000002c       0x14 ./Src/usbd_desc.o
                0x2000002c                USBD_FS_DeviceDesc
 .data.USBD_LangIDDesc
                0x20000040        0x4 ./Src/usbd_desc.o
                0x20000040                USBD_LangIDDesc
 .data.USBD_CDC_DeviceQualifierDesc
                0x20000044        0xc ./Middlewares/ST/STM32_USB_Device_Library/Class/CDC/Src/usbd_cdc.o
 .data.USBD_CDC
                0x20000050       0x38 ./Middlewares/ST/STM32_USB_Device_Library/Class/CDC/Src/usbd_cdc.o
                0x20000050                USBD_CDC
 .data.USBD_CDC_CfgHSDesc
                0x20000088       0x44 ./Middlewares/ST/STM32_USB_Device_Library/Class/CDC/Src/usbd_cdc.o
                0x20000088                USBD_CDC_CfgHSDesc
 .data.USBD_CDC_CfgFSDesc
                0x200000cc       0x44 ./Middlewares/ST/STM32_USB_Device_Library/Class/CDC/Src/usbd_cdc.o
                0x200000cc                USBD_CDC_CfgFSDesc
 .data.USBD_CDC_OtherSpeedCfgDesc
                0x20000110       0x44 ./Middlewares/ST/STM32_USB_Device_Library/Class/CDC/Src/usbd_cdc.o
                0x20000110                USBD_CDC_OtherSpeedCfgDesc
 .data.SystemCoreClock
                0x20000154        0x4 ./Drivers/CMSIS/Device/ST/STM32F1xx/Source/Templates/system_stm32f1xx.o
                0x20000154                SystemCoreClock
 .data.impure_data
                0x20000158      0x428 c:/armtoolchain/arm_gcc/bin/../lib/gcc/arm-none-eabi/4.9.3/../../../../arm-none-eabi/lib/armv7-m\libg.a(lib_a-impure.o)
 .data._impure_ptr
                0x20000580        0x4 c:/armtoolchain/arm_gcc/bin/../lib/gcc/arm-none-eabi/4.9.3/../../../../arm-none-eabi/lib/armv7-m\libg.a(lib_a-impure.o)
                0x20000580                _impure_ptr
 .data.__malloc_av_
                0x20000584      0x408 c:/armtoolchain/arm_gcc/bin/../lib/gcc/arm-none-eabi/4.9.3/../../../../arm-none-eabi/lib/armv7-m\libg.a(lib_a-mallocr.o)
                0x20000584                __malloc_av_
 .data.__malloc_trim_threshold
                0x2000098c        0x4 c:/armtoolchain/arm_gcc/bin/../lib/gcc/arm-none-eabi/4.9.3/../../../../arm-none-eabi/lib/armv7-m\libg.a(lib_a-mallocr.o)
                0x2000098c                __malloc_trim_threshold
 .data.__malloc_sbrk_base
                0x20000990        0x4 c:/armtoolchain/arm_gcc/bin/../lib/gcc/arm-none-eabi/4.9.3/../../../../arm-none-eabi/lib/armv7-m\libg.a(lib_a-mallocr.o)
                0x20000990                __malloc_sbrk_base
                0x20000994                . = ALIGN (0x4)
                0x20000994                _edata = .

.jcr            0x20000994        0x0 load address 0x08007a80
 .jcr           0x20000994        0x0 c:/armtoolchain/arm_gcc/bin/../lib/gcc/arm-none-eabi/4.9.3/armv7-m/crtbegin.o

.igot.plt       0x20000994        0x0 load address 0x08007a80
 .igot.plt      0x00000000        0x0 c:/armtoolchain/arm_gcc/bin/../lib/gcc/arm-none-eabi/4.9.3/armv7-m/crtbegin.o
                0x20000994                . = ALIGN (0x4)

.bss            0x20000994      0xd5c load address 0x08007a80
                0x20000994                _sbss = .
                0x20000994                __bss_start__ = _sbss
 *(.bss)
 .bss           0x20000994       0x1c c:/armtoolchain/arm_gcc/bin/../lib/gcc/arm-none-eabi/4.9.3/armv7-m/crtbegin.o
 *(.bss*)
 .bss.heap_end.5045
                0x200009b0        0x4 ./System/syscalls.o
 .bss.RxBuffer  0x200009b4      0x20c ./Src/usbd_cdc_if.o
 .bss.mem.7391  0x20000bc0      0x21c ./Src/usbd_conf.o
 .bss.cfgidx.7328
                0x20000ddc        0x1 ./Middlewares/ST/STM32_USB_Device_Library/Core/Src/usbd_ctlreq.o
 *fill*         0x20000ddd        0x3 
 .bss.uwTick    0x20000de0        0x4 ./Drivers/STM32F1xx_HAL_Driver/Src/stm32f1xx_hal.o
 .bss.__malloc_max_total_mem
                0x20000de4        0x4 c:/armtoolchain/arm_gcc/bin/../lib/gcc/arm-none-eabi/4.9.3/../../../../arm-none-eabi/lib/armv7-m\libg.a(lib_a-mallocr.o)
                0x20000de4                __malloc_max_total_mem
 .bss.__malloc_max_sbrked_mem
                0x20000de8        0x4 c:/armtoolchain/arm_gcc/bin/../lib/gcc/arm-none-eabi/4.9.3/../../../../arm-none-eabi/lib/armv7-m\libg.a(lib_a-mallocr.o)
                0x20000de8                __malloc_max_sbrked_mem
 .bss.__malloc_top_pad
                0x20000dec        0x4 c:/armtoolchain/arm_gcc/bin/../lib/gcc/arm-none-eabi/4.9.3/../../../../arm-none-eabi/lib/armv7-m\libg.a(lib_a-mallocr.o)
                0x20000dec                __malloc_top_pad
 .bss.__malloc_current_mallinfo
                0x20000df0       0x28 c:/armtoolchain/arm_gcc/bin/../lib/gcc/arm-none-eabi/4.9.3/../../../../arm-none-eabi/lib/armv7-m\libg.a(lib_a-mallocr.o)
                0x20000df0                __malloc_current_mallinfo
 *(COMMON)
 COMMON         0x20000e18       0x80 ./Src/main.o
                0x20000e18                rx_buff
                0x20000e58                tx_buff
 COMMON         0x20000e98      0x224 ./Src/usb_device.o
                0x20000e98                hUsbDeviceFS
 COMMON         0x200010bc       0x10 ./Src/usbd_cdc_if.o
                0x200010bc                hUsbDevice_0
                0x200010c0                VCPInitialized
                0x200010c4                UserRxBufferFS
                0x200010c8                UserTxBufferFS
 COMMON         0x200010cc      0x420 ./Src/usbd_conf.o
                0x200010cc                hpcd_USB_FS
 COMMON         0x200014ec      0x200 ./Src/usbd_desc.o
                0x200014ec                USBD_StrDesc
 COMMON         0x200016ec        0x4 c:/armtoolchain/arm_gcc/bin/../lib/gcc/arm-none-eabi/4.9.3/../../../../arm-none-eabi/lib/armv7-m\libg.a(lib_a-reent.o)
                0x200016ec                errno
                0x200016f0                . = ALIGN (0x4)
                0x200016f0                _ebss = .
                0x200016f0                __bss_end__ = _ebss

._user_heap_stack
                0x200016f0      0x400 load address 0x08007a80
                0x200016f0                . = ALIGN (0x4)
                0x200016f0                PROVIDE (end, .)
                0x200016f0                PROVIDE (_end, .)
                0x200016f0                . = (. + _Min_Heap_Size)
                0x20001af0                . = (. + _Min_Stack_Size)
 *fill*         0x200016f0      0x400 
                0x20001af0                . = ALIGN (0x4)

/DISCARD/
 libc.a(*)
 libm.a(*)
 libgcc.a(*)

.ARM.attributes
                0x00000000       0x29
 *(.ARM.attributes)
 .ARM.attributes
                0x00000000       0x1d c:/armtoolchain/arm_gcc/bin/../lib/gcc/arm-none-eabi/4.9.3/armv7-m/crti.o
 .ARM.attributes
                0x0000001d       0x2d c:/armtoolchain/arm_gcc/bin/../lib/gcc/arm-none-eabi/4.9.3/armv7-m/crtbegin.o
 .ARM.attributes
                0x0000004a       0x33 ./System/syscalls.o
 .ARM.attributes
                0x0000007d       0x33 ./Src/main.o
 .ARM.attributes
                0x000000b0       0x33 ./Src/stm32f1xx_hal_msp.o
 .ARM.attributes
                0x000000e3       0x33 ./Src/stm32f1xx_it.o
 .ARM.attributes
                0x00000116       0x33 ./Src/usb_device.o
 .ARM.attributes
                0x00000149       0x33 ./Src/usbd_cdc_if.o
 .ARM.attributes
                0x0000017c       0x33 ./Src/usbd_conf.o
 .ARM.attributes
                0x000001af       0x33 ./Src/usbd_desc.o
 .ARM.attributes
                0x000001e2       0x33 ./Middlewares/ST/STM32_USB_Device_Library/Core/Src/usbd_core.o
 .ARM.attributes
                0x00000215       0x33 ./Middlewares/ST/STM32_USB_Device_Library/Core/Src/usbd_ctlreq.o
 .ARM.attributes
                0x00000248       0x33 ./Middlewares/ST/STM32_USB_Device_Library/Core/Src/usbd_ioreq.o
 .ARM.attributes
                0x0000027b       0x33 ./Middlewares/ST/STM32_USB_Device_Library/Class/CDC/Src/usbd_cdc.o
 .ARM.attributes
                0x000002ae       0x33 ./Drivers/STM32F1xx_HAL_Driver/Src/stm32f1xx_hal.o
 .ARM.attributes
                0x000002e1       0x33 ./Drivers/STM32F1xx_HAL_Driver/Src/stm32f1xx_hal_cortex.o
 .ARM.attributes
                0x00000314       0x33 ./Drivers/STM32F1xx_HAL_Driver/Src/stm32f1xx_hal_gpio.o
 .ARM.attributes
                0x00000347       0x33 ./Drivers/STM32F1xx_HAL_Driver/Src/stm32f1xx_hal_pcd.o
 .ARM.attributes
                0x0000037a       0x33 ./Drivers/STM32F1xx_HAL_Driver/Src/stm32f1xx_hal_pcd_ex.o
 .ARM.attributes
                0x000003ad       0x33 ./Drivers/STM32F1xx_HAL_Driver/Src/stm32f1xx_hal_rcc.o
 .ARM.attributes
                0x000003e0       0x33 ./Drivers/STM32F1xx_HAL_Driver/Src/stm32f1xx_hal_rcc_ex.o
 .ARM.attributes
                0x00000413       0x33 ./Drivers/STM32F1xx_HAL_Driver/Src/stm32f1xx_ll_usb.o
 .ARM.attributes
                0x00000446       0x21 ./Drivers/CMSIS/Device/ST/STM32F1xx/Source/Templates/gcc/startup_stm32f102x6.o
 .ARM.attributes
                0x00000467       0x33 ./Drivers/CMSIS/Device/ST/STM32F1xx/Source/Templates/system_stm32f1xx.o
 .ARM.attributes
                0x0000049a       0x2d c:/armtoolchain/arm_gcc/bin/../lib/gcc/arm-none-eabi/4.9.3/../../../../arm-none-eabi/lib/armv7-m\libg.a(lib_a-errno.o)
 .ARM.attributes
                0x000004c7       0x2d c:/armtoolchain/arm_gcc/bin/../lib/gcc/arm-none-eabi/4.9.3/../../../../arm-none-eabi/lib/armv7-m\libg.a(lib_a-impure.o)
 .ARM.attributes
                0x000004f4       0x2d c:/armtoolchain/arm_gcc/bin/../lib/gcc/arm-none-eabi/4.9.3/../../../../arm-none-eabi/lib/armv7-m\libg.a(lib_a-init.o)
 .ARM.attributes
                0x00000521       0x2d c:/armtoolchain/arm_gcc/bin/../lib/gcc/arm-none-eabi/4.9.3/../../../../arm-none-eabi/lib/armv7-m\libg.a(lib_a-malloc.o)
 .ARM.attributes
                0x0000054e       0x2d c:/armtoolchain/arm_gcc/bin/../lib/gcc/arm-none-eabi/4.9.3/../../../../arm-none-eabi/lib/armv7-m\libg.a(lib_a-mallocr.o)
 .ARM.attributes
                0x0000057b       0x1b c:/armtoolchain/arm_gcc/bin/../lib/gcc/arm-none-eabi/4.9.3/../../../../arm-none-eabi/lib/armv7-m\libg.a(lib_a-memcpy.o)
 .ARM.attributes
                0x00000596       0x2d c:/armtoolchain/arm_gcc/bin/../lib/gcc/arm-none-eabi/4.9.3/../../../../arm-none-eabi/lib/armv7-m\libg.a(lib_a-mlock.o)
 .ARM.attributes
                0x000005c3       0x2d c:/armtoolchain/arm_gcc/bin/../lib/gcc/arm-none-eabi/4.9.3/../../../../arm-none-eabi/lib/armv7-m\libg.a(lib_a-sbrkr.o)
 .ARM.attributes
                0x000005f0       0x2d c:/armtoolchain/arm_gcc/bin/../lib/gcc/arm-none-eabi/4.9.3/../../../../arm-none-eabi/lib/armv7-m\libg.a(lib_a-__call_atexit.o)
 .ARM.attributes
                0x0000061d       0x2d c:/armtoolchain/arm_gcc/bin/../lib/gcc/arm-none-eabi/4.9.3/../../../../arm-none-eabi/lib/armv7-m\libg.a(lib_a-atexit.o)
 .ARM.attributes
                0x0000064a       0x2d c:/armtoolchain/arm_gcc/bin/../lib/gcc/arm-none-eabi/4.9.3/../../../../arm-none-eabi/lib/armv7-m\libg.a(lib_a-fini.o)
 .ARM.attributes
                0x00000677       0x2d c:/armtoolchain/arm_gcc/bin/../lib/gcc/arm-none-eabi/4.9.3/../../../../arm-none-eabi/lib/armv7-m\libg.a(lib_a-freer.o)
 .ARM.attributes
                0x000006a4       0x2d c:/armtoolchain/arm_gcc/bin/../lib/gcc/arm-none-eabi/4.9.3/../../../../arm-none-eabi/lib/armv7-m\libg.a(lib_a-reent.o)
 .ARM.attributes
                0x000006d1       0x2d c:/armtoolchain/arm_gcc/bin/../lib/gcc/arm-none-eabi/4.9.3/../../../../arm-none-eabi/lib/armv7-m\libg.a(lib_a-__atexit.o)
 .ARM.attributes
                0x000006fe       0x1d c:/armtoolchain/arm_gcc/bin/../lib/gcc/arm-none-eabi/4.9.3/armv7-m/crtn.o
OUTPUT(usb_vcp_test.elf elf32-littlearm)

.debug_info     0x00000000     0xcc62
 .debug_info    0x00000000      0xbf6 ./System/syscalls.o
 .debug_info    0x00000bf6      0x48c ./Src/main.o
 .debug_info    0x00001082      0x22f ./Src/stm32f1xx_hal_msp.o
 .debug_info    0x000012b1      0x4f0 ./Src/stm32f1xx_it.o
 .debug_info    0x000017a1      0x590 ./Src/usb_device.o
 .debug_info    0x00001d31      0x8bc ./Src/usbd_cdc_if.o
 .debug_info    0x000025ed     0x1243 ./Src/usbd_conf.o
 .debug_info    0x00003830      0x384 ./Src/usbd_desc.o
 .debug_info    0x00003bb4      0x906 ./Middlewares/ST/STM32_USB_Device_Library/Core/Src/usbd_core.o
 .debug_info    0x000044ba      0x867 ./Middlewares/ST/STM32_USB_Device_Library/Core/Src/usbd_ctlreq.o
 .debug_info    0x00004d21      0x667 ./Middlewares/ST/STM32_USB_Device_Library/Core/Src/usbd_ioreq.o
 .debug_info    0x00005388      0xa40 ./Middlewares/ST/STM32_USB_Device_Library/Class/CDC/Src/usbd_cdc.o
 .debug_info    0x00005dc8      0x5f4 ./Drivers/STM32F1xx_HAL_Driver/Src/stm32f1xx_hal.o
 .debug_info    0x000063bc      0xa36 ./Drivers/STM32F1xx_HAL_Driver/Src/stm32f1xx_hal_cortex.o
 .debug_info    0x00006df2      0x5d7 ./Drivers/STM32F1xx_HAL_Driver/Src/stm32f1xx_hal_gpio.o
 .debug_info    0x000073c9      0xc98 ./Drivers/STM32F1xx_HAL_Driver/Src/stm32f1xx_hal_pcd.o
 .debug_info    0x00008061      0x58c ./Drivers/STM32F1xx_HAL_Driver/Src/stm32f1xx_hal_pcd_ex.o
 .debug_info    0x000085ed     0x2549 ./Drivers/STM32F1xx_HAL_Driver/Src/stm32f1xx_hal_rcc.o
 .debug_info    0x0000ab36      0xf16 ./Drivers/STM32F1xx_HAL_Driver/Src/stm32f1xx_hal_rcc_ex.o
 .debug_info    0x0000ba4c      0xde2 ./Drivers/STM32F1xx_HAL_Driver/Src/stm32f1xx_ll_usb.o
 .debug_info    0x0000c82e       0x99 ./Drivers/CMSIS/Device/ST/STM32F1xx/Source/Templates/gcc/startup_stm32f102x6.o
 .debug_info    0x0000c8c7      0x39b ./Drivers/CMSIS/Device/ST/STM32F1xx/Source/Templates/system_stm32f1xx.o

.debug_abbrev   0x00000000     0x2416
 .debug_abbrev  0x00000000      0x1f0 ./System/syscalls.o
 .debug_abbrev  0x000001f0      0x147 ./Src/main.o
 .debug_abbrev  0x00000337       0xbb ./Src/stm32f1xx_hal_msp.o
 .debug_abbrev  0x000003f2      0x132 ./Src/stm32f1xx_it.o
 .debug_abbrev  0x00000524      0x137 ./Src/usb_device.o
 .debug_abbrev  0x0000065b      0x266 ./Src/usbd_cdc_if.o
 .debug_abbrev  0x000008c1      0x25f ./Src/usbd_conf.o
 .debug_abbrev  0x00000b20      0x13d ./Src/usbd_desc.o
 .debug_abbrev  0x00000c5d      0x1be ./Middlewares/ST/STM32_USB_Device_Library/Core/Src/usbd_core.o
 .debug_abbrev  0x00000e1b      0x1ee ./Middlewares/ST/STM32_USB_Device_Library/Core/Src/usbd_ctlreq.o
 .debug_abbrev  0x00001009      0x12e ./Middlewares/ST/STM32_USB_Device_Library/Core/Src/usbd_ioreq.o
 .debug_abbrev  0x00001137      0x1e3 ./Middlewares/ST/STM32_USB_Device_Library/Class/CDC/Src/usbd_cdc.o
 .debug_abbrev  0x0000131a      0x22c ./Drivers/STM32F1xx_HAL_Driver/Src/stm32f1xx_hal.o
 .debug_abbrev  0x00001546      0x268 ./Drivers/STM32F1xx_HAL_Driver/Src/stm32f1xx_hal_cortex.o
 .debug_abbrev  0x000017ae      0x1ad ./Drivers/STM32F1xx_HAL_Driver/Src/stm32f1xx_hal_gpio.o
 .debug_abbrev  0x0000195b      0x233 ./Drivers/STM32F1xx_HAL_Driver/Src/stm32f1xx_hal_pcd.o
 .debug_abbrev  0x00001b8e      0x15d ./Drivers/STM32F1xx_HAL_Driver/Src/stm32f1xx_hal_pcd_ex.o
 .debug_abbrev  0x00001ceb      0x2b9 ./Drivers/STM32F1xx_HAL_Driver/Src/stm32f1xx_hal_rcc.o
 .debug_abbrev  0x00001fa4      0x1ae ./Drivers/STM32F1xx_HAL_Driver/Src/stm32f1xx_hal_rcc_ex.o
 .debug_abbrev  0x00002152      0x18f ./Drivers/STM32F1xx_HAL_Driver/Src/stm32f1xx_ll_usb.o
 .debug_abbrev  0x000022e1       0x12 ./Drivers/CMSIS/Device/ST/STM32F1xx/Source/Templates/gcc/startup_stm32f102x6.o
 .debug_abbrev  0x000022f3      0x123 ./Drivers/CMSIS/Device/ST/STM32F1xx/Source/Templates/system_stm32f1xx.o

.debug_aranges  0x00000000      0xa20
 .debug_aranges
                0x00000000       0x50 ./System/syscalls.o
 .debug_aranges
                0x00000050       0x30 ./Src/main.o
 .debug_aranges
                0x00000080       0x20 ./Src/stm32f1xx_hal_msp.o
 .debug_aranges
                0x000000a0       0x28 ./Src/stm32f1xx_it.o
 .debug_aranges
                0x000000c8       0x20 ./Src/usb_device.o
 .debug_aranges
                0x000000e8       0x50 ./Src/usbd_cdc_if.o
 .debug_aranges
                0x00000138      0x110 ./Src/usbd_conf.o
 .debug_aranges
                0x00000248       0x50 ./Src/usbd_desc.o
 .debug_aranges
                0x00000298       0xb8 ./Middlewares/ST/STM32_USB_Device_Library/Core/Src/usbd_core.o
 .debug_aranges
                0x00000350       0x88 ./Middlewares/ST/STM32_USB_Device_Library/Core/Src/usbd_ctlreq.o
 .debug_aranges
                0x000003d8       0x50 ./Middlewares/ST/STM32_USB_Device_Library/Core/Src/usbd_ioreq.o
 .debug_aranges
                0x00000428       0x90 ./Middlewares/ST/STM32_USB_Device_Library/Class/CDC/Src/usbd_cdc.o
 .debug_aranges
                0x000004b8       0xb0 ./Drivers/STM32F1xx_HAL_Driver/Src/stm32f1xx_hal.o
 .debug_aranges
                0x00000568      0x100 ./Drivers/STM32F1xx_HAL_Driver/Src/stm32f1xx_hal_cortex.o
 .debug_aranges
                0x00000668       0x58 ./Drivers/STM32F1xx_HAL_Driver/Src/stm32f1xx_hal_gpio.o
 .debug_aranges
                0x000006c0      0x120 ./Drivers/STM32F1xx_HAL_Driver/Src/stm32f1xx_hal_pcd.o
 .debug_aranges
                0x000007e0       0x28 ./Drivers/STM32F1xx_HAL_Driver/Src/stm32f1xx_hal_pcd_ex.o
 .debug_aranges
                0x00000808       0x88 ./Drivers/STM32F1xx_HAL_Driver/Src/stm32f1xx_hal_rcc.o
 .debug_aranges
                0x00000890       0x40 ./Drivers/STM32F1xx_HAL_Driver/Src/stm32f1xx_hal_rcc_ex.o
 .debug_aranges
                0x000008d0      0x100 ./Drivers/STM32F1xx_HAL_Driver/Src/stm32f1xx_ll_usb.o
 .debug_aranges
                0x000009d0       0x28 ./Drivers/CMSIS/Device/ST/STM32F1xx/Source/Templates/gcc/startup_stm32f102x6.o
 .debug_aranges
                0x000009f8       0x28 ./Drivers/CMSIS/Device/ST/STM32F1xx/Source/Templates/system_stm32f1xx.o

.debug_ranges   0x00000000      0x8c8
 .debug_ranges  0x00000000       0x40 ./System/syscalls.o
 .debug_ranges  0x00000040       0x20 ./Src/main.o
 .debug_ranges  0x00000060       0x10 ./Src/stm32f1xx_hal_msp.o
 .debug_ranges  0x00000070       0x18 ./Src/stm32f1xx_it.o
 .debug_ranges  0x00000088       0x10 ./Src/usb_device.o
 .debug_ranges  0x00000098       0x40 ./Src/usbd_cdc_if.o
 .debug_ranges  0x000000d8      0x100 ./Src/usbd_conf.o
 .debug_ranges  0x000001d8       0x40 ./Src/usbd_desc.o
 .debug_ranges  0x00000218       0xa8 ./Middlewares/ST/STM32_USB_Device_Library/Core/Src/usbd_core.o
 .debug_ranges  0x000002c0       0x78 ./Middlewares/ST/STM32_USB_Device_Library/Core/Src/usbd_ctlreq.o
 .debug_ranges  0x00000338       0x40 ./Middlewares/ST/STM32_USB_Device_Library/Core/Src/usbd_ioreq.o
 .debug_ranges  0x00000378       0x80 ./Middlewares/ST/STM32_USB_Device_Library/Class/CDC/Src/usbd_cdc.o
 .debug_ranges  0x000003f8       0xa0 ./Drivers/STM32F1xx_HAL_Driver/Src/stm32f1xx_hal.o
 .debug_ranges  0x00000498       0xf0 ./Drivers/STM32F1xx_HAL_Driver/Src/stm32f1xx_hal_cortex.o
 .debug_ranges  0x00000588       0x48 ./Drivers/STM32F1xx_HAL_Driver/Src/stm32f1xx_hal_gpio.o
 .debug_ranges  0x000005d0      0x110 ./Drivers/STM32F1xx_HAL_Driver/Src/stm32f1xx_hal_pcd.o
 .debug_ranges  0x000006e0       0x18 ./Drivers/STM32F1xx_HAL_Driver/Src/stm32f1xx_hal_pcd_ex.o
 .debug_ranges  0x000006f8       0x78 ./Drivers/STM32F1xx_HAL_Driver/Src/stm32f1xx_hal_rcc.o
 .debug_ranges  0x00000770       0x30 ./Drivers/STM32F1xx_HAL_Driver/Src/stm32f1xx_hal_rcc_ex.o
 .debug_ranges  0x000007a0       0xf0 ./Drivers/STM32F1xx_HAL_Driver/Src/stm32f1xx_ll_usb.o
 .debug_ranges  0x00000890       0x20 ./Drivers/CMSIS/Device/ST/STM32F1xx/Source/Templates/gcc/startup_stm32f102x6.o
 .debug_ranges  0x000008b0       0x18 ./Drivers/CMSIS/Device/ST/STM32F1xx/Source/Templates/system_stm32f1xx.o

.debug_macro    0x00000000     0xd7fd
 .debug_macro   0x00000000      0x15a ./System/syscalls.o
 .debug_macro   0x0000015a      0x874 ./System/syscalls.o
 .debug_macro   0x000009ce       0x58 ./System/syscalls.o
 .debug_macro   0x00000a26       0x22 ./System/syscalls.o
 .debug_macro   0x00000a48       0x35 ./System/syscalls.o
 .debug_macro   0x00000a7d       0x9c ./System/syscalls.o
 .debug_macro   0x00000b19       0x16 ./System/syscalls.o
 .debug_macro   0x00000b2f      0x10e ./System/syscalls.o
 .debug_macro   0x00000c3d       0x86 ./System/syscalls.o
 .debug_macro   0x00000cc3       0x4a ./System/syscalls.o
 .debug_macro   0x00000d0d       0x52 ./System/syscalls.o
 .debug_macro   0x00000d5f       0x16 ./System/syscalls.o
 .debug_macro   0x00000d75       0x43 ./System/syscalls.o
 .debug_macro   0x00000db8      0x180 ./System/syscalls.o
 .debug_macro   0x00000f38      0x27a ./System/syscalls.o
 .debug_macro   0x000011b2       0x16 ./System/syscalls.o
 .debug_macro   0x000011c8       0x29 ./System/syscalls.o
 .debug_macro   0x000011f1       0x10 ./System/syscalls.o
 .debug_macro   0x00001201      0x241 ./System/syscalls.o
 .debug_macro   0x00001442       0x16 ./System/syscalls.o
 .debug_macro   0x00001458       0x35 ./System/syscalls.o
 .debug_macro   0x0000148d       0x16 ./System/syscalls.o
 .debug_macro   0x000014a3       0x10 ./System/syscalls.o
 .debug_macro   0x000014b3       0x10 ./System/syscalls.o
 .debug_macro   0x000014c3       0x10 ./System/syscalls.o
 .debug_macro   0x000014d3       0x22 ./System/syscalls.o
 .debug_macro   0x000014f5       0xbd ./System/syscalls.o
 .debug_macro   0x000015b2       0x35 ./System/syscalls.o
 .debug_macro   0x000015e7      0x121 ./System/syscalls.o
 .debug_macro   0x00001708      0x2f9 ./Src/main.o
 .debug_macro   0x00001a01      0x192 ./Src/main.o
 .debug_macro   0x00001b93       0x35 ./Src/main.o
 .debug_macro   0x00001bc8       0x22 ./Src/main.o
 .debug_macro   0x00001bea       0x3a ./Src/main.o
 .debug_macro   0x00001c24       0x44 ./Src/main.o
 .debug_macro   0x00001c68       0x1c ./Src/main.o
 .debug_macro   0x00001c84      0x1f7 ./Src/main.o
 .debug_macro   0x00001e7b       0x2d ./Src/main.o
 .debug_macro   0x00001ea8      0xa8b ./Src/main.o
 .debug_macro   0x00002933     0x4555 ./Src/main.o
 .debug_macro   0x00006e88       0x43 ./Src/main.o
 .debug_macro   0x00006ecb     0x267b ./Src/main.o
 .debug_macro   0x00009546       0x64 ./Src/main.o
 .debug_macro   0x000095aa      0x746 ./Src/main.o
 .debug_macro   0x00009cf0      0x165 ./Src/main.o
 .debug_macro   0x00009e55      0x141 ./Src/main.o
 .debug_macro   0x00009f96      0x182 ./Src/main.o
 .debug_macro   0x0000a118      0x1df ./Src/main.o
 .debug_macro   0x0000a2f7       0x2d ./Src/main.o
 .debug_macro   0x0000a324       0x5d ./Src/main.o
 .debug_macro   0x0000a381       0x55 ./Src/main.o
 .debug_macro   0x0000a3d6      0x1bd ./Src/main.o
 .debug_macro   0x0000a593      0x143 ./Src/main.o
 .debug_macro   0x0000a6d6       0x50 ./Src/main.o
 .debug_macro   0x0000a726      0x265 ./Src/main.o
 .debug_macro   0x0000a98b       0x46 ./Src/main.o
 .debug_macro   0x0000a9d1       0x16 ./Src/main.o
 .debug_macro   0x0000a9e7       0x97 ./Src/main.o
 .debug_macro   0x0000aa7e       0xf6 ./Src/main.o
 .debug_macro   0x0000ab74       0x10 ./Src/main.o
 .debug_macro   0x0000ab84       0x16 ./Src/main.o
 .debug_macro   0x0000ab9a      0x196 ./Src/main.o
 .debug_macro   0x0000ad30       0x6a ./Src/main.o
 .debug_macro   0x0000ad9a      0x1b6 ./Src/main.o
 .debug_macro   0x0000af50       0x83 ./Src/main.o
 .debug_macro   0x0000afd3      0x162 ./Src/stm32f1xx_hal_msp.o
 .debug_macro   0x0000b135      0x16c ./Src/stm32f1xx_it.o
 .debug_macro   0x0000b2a1      0x307 ./Src/usb_device.o
 .debug_macro   0x0000b5a8      0x2f1 ./Src/usbd_cdc_if.o
 .debug_macro   0x0000b899       0x57 ./Src/usbd_cdc_if.o
 .debug_macro   0x0000b8f0      0x2e9 ./Src/usbd_conf.o
 .debug_macro   0x0000bbd9      0x310 ./Src/usbd_desc.o
 .debug_macro   0x0000bee9      0x2d0 ./Middlewares/ST/STM32_USB_Device_Library/Core/Src/usbd_core.o
 .debug_macro   0x0000c1b9      0x2d0 ./Middlewares/ST/STM32_USB_Device_Library/Core/Src/usbd_ctlreq.o
 .debug_macro   0x0000c489      0x2cc ./Middlewares/ST/STM32_USB_Device_Library/Core/Src/usbd_ioreq.o
 .debug_macro   0x0000c755      0x2e9 ./Middlewares/ST/STM32_USB_Device_Library/Class/CDC/Src/usbd_cdc.o
 .debug_macro   0x0000ca3e       0x83 ./Middlewares/ST/STM32_USB_Device_Library/Class/CDC/Src/usbd_cdc.o
 .debug_macro   0x0000cac1      0x186 ./Drivers/STM32F1xx_HAL_Driver/Src/stm32f1xx_hal.o
 .debug_macro   0x0000cc47      0x162 ./Drivers/STM32F1xx_HAL_Driver/Src/stm32f1xx_hal_cortex.o
 .debug_macro   0x0000cda9      0x1d2 ./Drivers/STM32F1xx_HAL_Driver/Src/stm32f1xx_hal_gpio.o
 .debug_macro   0x0000cf7b      0x16e ./Drivers/STM32F1xx_HAL_Driver/Src/stm32f1xx_hal_pcd.o
 .debug_macro   0x0000d0e9      0x162 ./Drivers/STM32F1xx_HAL_Driver/Src/stm32f1xx_hal_pcd_ex.o
 .debug_macro   0x0000d24b      0x174 ./Drivers/STM32F1xx_HAL_Driver/Src/stm32f1xx_hal_rcc.o
 .debug_macro   0x0000d3bf      0x174 ./Drivers/STM32F1xx_HAL_Driver/Src/stm32f1xx_hal_rcc_ex.o
 .debug_macro   0x0000d533      0x162 ./Drivers/STM32F1xx_HAL_Driver/Src/stm32f1xx_ll_usb.o
 .debug_macro   0x0000d695      0x168 ./Drivers/CMSIS/Device/ST/STM32F1xx/Source/Templates/system_stm32f1xx.o

.debug_line     0x00000000     0x98ca
 .debug_line    0x00000000      0x2ac ./System/syscalls.o
 .debug_line    0x000002ac      0x6d1 ./Src/main.o
 .debug_line    0x0000097d      0x486 ./Src/stm32f1xx_hal_msp.o
 .debug_line    0x00000e03      0x4a4 ./Src/stm32f1xx_it.o
 .debug_line    0x000012a7      0x693 ./Src/usb_device.o
 .debug_line    0x0000193a      0x723 ./Src/usbd_cdc_if.o
 .debug_line    0x0000205d      0x8a8 ./Src/usbd_conf.o
 .debug_line    0x00002905      0x689 ./Src/usbd_desc.o
 .debug_line    0x00002f8e      0x80a ./Middlewares/ST/STM32_USB_Device_Library/Core/Src/usbd_core.o
 .debug_line    0x00003798      0x855 ./Middlewares/ST/STM32_USB_Device_Library/Core/Src/usbd_ctlreq.o
 .debug_line    0x00003fed      0x6a7 ./Middlewares/ST/STM32_USB_Device_Library/Core/Src/usbd_ioreq.o
 .debug_line    0x00004694      0x806 ./Middlewares/ST/STM32_USB_Device_Library/Class/CDC/Src/usbd_cdc.o
 .debug_line    0x00004e9a      0x608 ./Drivers/STM32F1xx_HAL_Driver/Src/stm32f1xx_hal.o
 .debug_line    0x000054a2      0x757 ./Drivers/STM32F1xx_HAL_Driver/Src/stm32f1xx_hal_cortex.o
 .debug_line    0x00005bf9      0x668 ./Drivers/STM32F1xx_HAL_Driver/Src/stm32f1xx_hal_gpio.o
 .debug_line    0x00006261      0x986 ./Drivers/STM32F1xx_HAL_Driver/Src/stm32f1xx_hal_pcd.o
 .debug_line    0x00006be7      0x4c0 ./Drivers/STM32F1xx_HAL_Driver/Src/stm32f1xx_hal_pcd_ex.o
 .debug_line    0x000070a7     0x10f6 ./Drivers/STM32F1xx_HAL_Driver/Src/stm32f1xx_hal_rcc.o
 .debug_line    0x0000819d      0x8ff ./Drivers/STM32F1xx_HAL_Driver/Src/stm32f1xx_hal_rcc_ex.o
 .debug_line    0x00008a9c      0x898 ./Drivers/STM32F1xx_HAL_Driver/Src/stm32f1xx_ll_usb.o
 .debug_line    0x00009334       0xae ./Drivers/CMSIS/Device/ST/STM32F1xx/Source/Templates/gcc/startup_stm32f102x6.o
 .debug_line    0x000093e2      0x4e8 ./Drivers/CMSIS/Device/ST/STM32F1xx/Source/Templates/system_stm32f1xx.o

.debug_str      0x00000000    0x47c75
 .debug_str     0x00000000     0x5c3e ./System/syscalls.o
                               0x5dbc (size before relaxing)
 .debug_str     0x00005c3e    0x3f821 ./Src/main.o
                              0x449b6 (size before relaxing)
 .debug_str     0x0004545f      0x247 ./Src/stm32f1xx_hal_msp.o
                              0x40d3c (size before relaxing)
 .debug_str     0x000456a6      0x2fc ./Src/stm32f1xx_it.o
                              0x40e19 (size before relaxing)
 .debug_str     0x000459a2      0x381 ./Src/usb_device.o
                              0x44ba3 (size before relaxing)
 .debug_str     0x00045d23      0x171 ./Src/usbd_cdc_if.o
                              0x44cf0 (size before relaxing)
 .debug_str     0x00045e94      0x309 ./Src/usbd_conf.o
                              0x45373 (size before relaxing)
 .debug_str     0x0004619d      0x237 ./Src/usbd_desc.o
                              0x44800 (size before relaxing)
 .debug_str     0x000463d4      0x1b0 ./Middlewares/ST/STM32_USB_Device_Library/Core/Src/usbd_core.o
                              0x44a28 (size before relaxing)
 .debug_str     0x00046584      0x126 ./Middlewares/ST/STM32_USB_Device_Library/Core/Src/usbd_ctlreq.o
                              0x449ae (size before relaxing)
 .debug_str     0x000466aa       0xc9 ./Middlewares/ST/STM32_USB_Device_Library/Core/Src/usbd_ioreq.o
                              0x44936 (size before relaxing)
 .debug_str     0x00046773      0x1f9 ./Middlewares/ST/STM32_USB_Device_Library/Class/CDC/Src/usbd_cdc.o
                              0x44dba (size before relaxing)
 .debug_str     0x0004696c      0x2d2 ./Drivers/STM32F1xx_HAL_Driver/Src/stm32f1xx_hal.o
                              0x410ff (size before relaxing)
 .debug_str     0x00046c3e      0x29a ./Drivers/STM32F1xx_HAL_Driver/Src/stm32f1xx_hal_cortex.o
                              0x41138 (size before relaxing)
 .debug_str     0x00046ed8      0x3f0 ./Drivers/STM32F1xx_HAL_Driver/Src/stm32f1xx_hal_gpio.o
                              0x40fd5 (size before relaxing)
 .debug_str     0x000472c8      0x264 ./Drivers/STM32F1xx_HAL_Driver/Src/stm32f1xx_hal_pcd.o
                              0x41214 (size before relaxing)
 .debug_str     0x0004752c       0x57 ./Drivers/STM32F1xx_HAL_Driver/Src/stm32f1xx_hal_pcd_ex.o
                              0x40e82 (size before relaxing)
 .debug_str     0x00047583      0x23d ./Drivers/STM32F1xx_HAL_Driver/Src/stm32f1xx_hal_rcc.o
                              0x40f43 (size before relaxing)
 .debug_str     0x000477c0      0x15d ./Drivers/STM32F1xx_HAL_Driver/Src/stm32f1xx_hal_rcc_ex.o
                              0x40e73 (size before relaxing)
 .debug_str     0x0004791d      0x2c8 ./Drivers/STM32F1xx_HAL_Driver/Src/stm32f1xx_ll_usb.o
                              0x41055 (size before relaxing)
 .debug_str     0x00047be5       0x90 ./Drivers/CMSIS/Device/ST/STM32F1xx/Source/Templates/system_stm32f1xx.o
                              0x40c27 (size before relaxing)

.comment        0x00000000       0x70
 .comment       0x00000000       0x70 ./System/syscalls.o
                                 0x71 (size before relaxing)
 .comment       0x00000000       0x71 ./Src/main.o
 .comment       0x00000000       0x71 ./Src/stm32f1xx_hal_msp.o
 .comment       0x00000000       0x71 ./Src/stm32f1xx_it.o
 .comment       0x00000000       0x71 ./Src/usb_device.o
 .comment       0x00000000       0x71 ./Src/usbd_cdc_if.o
 .comment       0x00000000       0x71 ./Src/usbd_conf.o
 .comment       0x00000000       0x71 ./Src/usbd_desc.o
 .comment       0x00000000       0x71 ./Middlewares/ST/STM32_USB_Device_Library/Core/Src/usbd_core.o
 .comment       0x00000000       0x71 ./Middlewares/ST/STM32_USB_Device_Library/Core/Src/usbd_ctlreq.o
 .comment       0x00000000       0x71 ./Middlewares/ST/STM32_USB_Device_Library/Core/Src/usbd_ioreq.o
 .comment       0x00000000       0x71 ./Middlewares/ST/STM32_USB_Device_Library/Class/CDC/Src/usbd_cdc.o
 .comment       0x00000000       0x71 ./Drivers/STM32F1xx_HAL_Driver/Src/stm32f1xx_hal.o
 .comment       0x00000000       0x71 ./Drivers/STM32F1xx_HAL_Driver/Src/stm32f1xx_hal_cortex.o
 .comment       0x00000000       0x71 ./Drivers/STM32F1xx_HAL_Driver/Src/stm32f1xx_hal_gpio.o
 .comment       0x00000000       0x71 ./Drivers/STM32F1xx_HAL_Driver/Src/stm32f1xx_hal_pcd.o
 .comment       0x00000000       0x71 ./Drivers/STM32F1xx_HAL_Driver/Src/stm32f1xx_hal_pcd_ex.o
 .comment       0x00000000       0x71 ./Drivers/STM32F1xx_HAL_Driver/Src/stm32f1xx_hal_rcc.o
 .comment       0x00000000       0x71 ./Drivers/STM32F1xx_HAL_Driver/Src/stm32f1xx_hal_rcc_ex.o
 .comment       0x00000000       0x71 ./Drivers/STM32F1xx_HAL_Driver/Src/stm32f1xx_ll_usb.o
 .comment       0x00000000       0x71 ./Drivers/CMSIS/Device/ST/STM32F1xx/Source/Templates/system_stm32f1xx.o

.debug_frame    0x00000000     0x2940
 .debug_frame   0x00000000      0x11c ./System/syscalls.o
 .debug_frame   0x0000011c       0x74 ./Src/main.o
 .debug_frame   0x00000190       0x2c ./Src/stm32f1xx_hal_msp.o
 .debug_frame   0x000001bc       0x48 ./Src/stm32f1xx_it.o
 .debug_frame   0x00000204       0x2c ./Src/usb_device.o
 .debug_frame   0x00000230      0x108 ./Src/usbd_cdc_if.o
 .debug_frame   0x00000338      0x478 ./Src/usbd_conf.o
 .debug_frame   0x000007b0      0x114 ./Src/usbd_desc.o
 .debug_frame   0x000008c4      0x300 ./Middlewares/ST/STM32_USB_Device_Library/Core/Src/usbd_core.o
 .debug_frame   0x00000bc4      0x210 ./Middlewares/ST/STM32_USB_Device_Library/Core/Src/usbd_ctlreq.o
 .debug_frame   0x00000dd4      0x10c ./Middlewares/ST/STM32_USB_Device_Library/Core/Src/usbd_ioreq.o
 .debug_frame   0x00000ee0      0x24c ./Middlewares/ST/STM32_USB_Device_Library/Class/CDC/Src/usbd_cdc.o
 .debug_frame   0x0000112c      0x278 ./Drivers/STM32F1xx_HAL_Driver/Src/stm32f1xx_hal.o
 .debug_frame   0x000013a4      0x428 ./Drivers/STM32F1xx_HAL_Driver/Src/stm32f1xx_hal_cortex.o
 .debug_frame   0x000017cc      0x14c ./Drivers/STM32F1xx_HAL_Driver/Src/stm32f1xx_hal_gpio.o
 .debug_frame   0x00001918      0x4fc ./Drivers/STM32F1xx_HAL_Driver/Src/stm32f1xx_hal_pcd.o
 .debug_frame   0x00001e14       0x60 ./Drivers/STM32F1xx_HAL_Driver/Src/stm32f1xx_hal_pcd_ex.o
 .debug_frame   0x00001e74      0x220 ./Drivers/STM32F1xx_HAL_Driver/Src/stm32f1xx_hal_rcc.o
 .debug_frame   0x00002094       0xd4 ./Drivers/STM32F1xx_HAL_Driver/Src/stm32f1xx_hal_rcc_ex.o
 .debug_frame   0x00002168      0x4b0 ./Drivers/STM32F1xx_HAL_Driver/Src/stm32f1xx_ll_usb.o
 .debug_frame   0x00002618       0x58 ./Drivers/CMSIS/Device/ST/STM32F1xx/Source/Templates/system_stm32f1xx.o
 .debug_frame   0x00002670       0x20 c:/armtoolchain/arm_gcc/bin/../lib/gcc/arm-none-eabi/4.9.3/../../../../arm-none-eabi/lib/armv7-m\libg.a(lib_a-errno.o)
 .debug_frame   0x00002690       0x2c c:/armtoolchain/arm_gcc/bin/../lib/gcc/arm-none-eabi/4.9.3/../../../../arm-none-eabi/lib/armv7-m\libg.a(lib_a-init.o)
 .debug_frame   0x000026bc       0x30 c:/armtoolchain/arm_gcc/bin/../lib/gcc/arm-none-eabi/4.9.3/../../../../arm-none-eabi/lib/armv7-m\libg.a(lib_a-malloc.o)
 .debug_frame   0x000026ec       0x54 c:/armtoolchain/arm_gcc/bin/../lib/gcc/arm-none-eabi/4.9.3/../../../../arm-none-eabi/lib/armv7-m\libg.a(lib_a-mallocr.o)
 .debug_frame   0x00002740       0x30 c:/armtoolchain/arm_gcc/bin/../lib/gcc/arm-none-eabi/4.9.3/../../../../arm-none-eabi/lib/armv7-m\libg.a(lib_a-mlock.o)
 .debug_frame   0x00002770       0x2c c:/armtoolchain/arm_gcc/bin/../lib/gcc/arm-none-eabi/4.9.3/../../../../arm-none-eabi/lib/armv7-m\libg.a(lib_a-sbrkr.o)
 .debug_frame   0x0000279c       0x50 c:/armtoolchain/arm_gcc/bin/../lib/gcc/arm-none-eabi/4.9.3/../../../../arm-none-eabi/lib/armv7-m\libg.a(lib_a-__call_atexit.o)
 .debug_frame   0x000027ec       0x20 c:/armtoolchain/arm_gcc/bin/../lib/gcc/arm-none-eabi/4.9.3/../../../../arm-none-eabi/lib/armv7-m\libg.a(lib_a-atexit.o)
 .debug_frame   0x0000280c       0x34 c:/armtoolchain/arm_gcc/bin/../lib/gcc/arm-none-eabi/4.9.3/../../../../arm-none-eabi/lib/armv7-m\libg.a(lib_a-fini.o)
 .debug_frame   0x00002840       0x74 c:/armtoolchain/arm_gcc/bin/../lib/gcc/arm-none-eabi/4.9.3/../../../../arm-none-eabi/lib/armv7-m\libg.a(lib_a-freer.o)
 .debug_frame   0x000028b4       0x58 c:/armtoolchain/arm_gcc/bin/../lib/gcc/arm-none-eabi/4.9.3/../../../../arm-none-eabi/lib/armv7-m\libg.a(lib_a-reent.o)
 .debug_frame   0x0000290c       0x34 c:/armtoolchain/arm_gcc/bin/../lib/gcc/arm-none-eabi/4.9.3/../../../../arm-none-eabi/lib/armv7-m\libg.a(lib_a-__atexit.o)
