Archive member included because of file (symbol)

c:/armtoolchain/arm_gcc/bin/../lib/gcc/arm-none-eabi/4.9.3/armv7-m\libgcc.a(_lshrdi3.o)
                              ./Drivers/STM32F1xx_HAL_Driver/Src/stm32f1xx_hal_flash.o (__aeabi_llsr)
c:/armtoolchain/arm_gcc/bin/../lib/gcc/arm-none-eabi/4.9.3/../../../../arm-none-eabi/lib/armv7-m\libg.a(lib_a-errno.o)
                              ./System/syscalls.o (__errno)
c:/armtoolchain/arm_gcc/bin/../lib/gcc/arm-none-eabi/4.9.3/../../../../arm-none-eabi/lib/armv7-m\libg.a(lib_a-exit.o)
                              c:/armtoolchain/arm_gcc/bin/../lib/gcc/arm-none-eabi/4.9.3/../../../../arm-none-eabi/lib/armv7-m/crt0.o (exit)
c:/armtoolchain/arm_gcc/bin/../lib/gcc/arm-none-eabi/4.9.3/../../../../arm-none-eabi/lib/armv7-m\libg.a(lib_a-impure.o)
                              c:/armtoolchain/arm_gcc/bin/../lib/gcc/arm-none-eabi/4.9.3/../../../../arm-none-eabi/lib/armv7-m\libg.a(lib_a-exit.o) (_global_impure_ptr)
c:/armtoolchain/arm_gcc/bin/../lib/gcc/arm-none-eabi/4.9.3/../../../../arm-none-eabi/lib/armv7-m\libg.a(lib_a-init.o)
                              c:/armtoolchain/arm_gcc/bin/../lib/gcc/arm-none-eabi/4.9.3/../../../../arm-none-eabi/lib/armv7-m/crt0.o (__libc_init_array)
c:/armtoolchain/arm_gcc/bin/../lib/gcc/arm-none-eabi/4.9.3/../../../../arm-none-eabi/lib/armv7-m\libg.a(lib_a-malloc.o)
                              ./Src/usbd_conf.o (free)
c:/armtoolchain/arm_gcc/bin/../lib/gcc/arm-none-eabi/4.9.3/../../../../arm-none-eabi/lib/armv7-m\libg.a(lib_a-mallocr.o)
                              c:/armtoolchain/arm_gcc/bin/../lib/gcc/arm-none-eabi/4.9.3/../../../../arm-none-eabi/lib/armv7-m\libg.a(lib_a-malloc.o) (_malloc_r)
c:/armtoolchain/arm_gcc/bin/../lib/gcc/arm-none-eabi/4.9.3/../../../../arm-none-eabi/lib/armv7-m\libg.a(lib_a-memcpy.o)
                              ./Src/usbd_cdc_if.o (memcpy)
c:/armtoolchain/arm_gcc/bin/../lib/gcc/arm-none-eabi/4.9.3/../../../../arm-none-eabi/lib/armv7-m\libg.a(lib_a-memset.o)
                              c:/armtoolchain/arm_gcc/bin/../lib/gcc/arm-none-eabi/4.9.3/../../../../arm-none-eabi/lib/armv7-m/crt0.o (memset)
c:/armtoolchain/arm_gcc/bin/../lib/gcc/arm-none-eabi/4.9.3/../../../../arm-none-eabi/lib/armv7-m\libg.a(lib_a-mlock.o)
                              c:/armtoolchain/arm_gcc/bin/../lib/gcc/arm-none-eabi/4.9.3/../../../../arm-none-eabi/lib/armv7-m\libg.a(lib_a-mallocr.o) (__malloc_lock)
c:/armtoolchain/arm_gcc/bin/../lib/gcc/arm-none-eabi/4.9.3/../../../../arm-none-eabi/lib/armv7-m\libg.a(lib_a-sbrkr.o)
                              c:/armtoolchain/arm_gcc/bin/../lib/gcc/arm-none-eabi/4.9.3/../../../../arm-none-eabi/lib/armv7-m\libg.a(lib_a-mallocr.o) (_sbrk_r)
c:/armtoolchain/arm_gcc/bin/../lib/gcc/arm-none-eabi/4.9.3/../../../../arm-none-eabi/lib/armv7-m\libg.a(lib_a-__call_atexit.o)
                              c:/armtoolchain/arm_gcc/bin/../lib/gcc/arm-none-eabi/4.9.3/../../../../arm-none-eabi/lib/armv7-m\libg.a(lib_a-exit.o) (__call_exitprocs)
c:/armtoolchain/arm_gcc/bin/../lib/gcc/arm-none-eabi/4.9.3/../../../../arm-none-eabi/lib/armv7-m\libg.a(lib_a-atexit.o)
                              c:/armtoolchain/arm_gcc/bin/../lib/gcc/arm-none-eabi/4.9.3/../../../../arm-none-eabi/lib/armv7-m\libg.a(lib_a-__call_atexit.o) (atexit)
c:/armtoolchain/arm_gcc/bin/../lib/gcc/arm-none-eabi/4.9.3/../../../../arm-none-eabi/lib/armv7-m\libg.a(lib_a-fini.o)
                              c:/armtoolchain/arm_gcc/bin/../lib/gcc/arm-none-eabi/4.9.3/../../../../arm-none-eabi/lib/armv7-m\libg.a(lib_a-__call_atexit.o) (__libc_fini_array)
c:/armtoolchain/arm_gcc/bin/../lib/gcc/arm-none-eabi/4.9.3/../../../../arm-none-eabi/lib/armv7-m\libg.a(lib_a-freer.o)
                              c:/armtoolchain/arm_gcc/bin/../lib/gcc/arm-none-eabi/4.9.3/../../../../arm-none-eabi/lib/armv7-m\libg.a(lib_a-malloc.o) (_free_r)
c:/armtoolchain/arm_gcc/bin/../lib/gcc/arm-none-eabi/4.9.3/../../../../arm-none-eabi/lib/armv7-m\libg.a(lib_a-reent.o)
                              c:/armtoolchain/arm_gcc/bin/../lib/gcc/arm-none-eabi/4.9.3/../../../../arm-none-eabi/lib/armv7-m\libg.a(lib_a-sbrkr.o) (errno)
c:/armtoolchain/arm_gcc/bin/../lib/gcc/arm-none-eabi/4.9.3/../../../../arm-none-eabi/lib/armv7-m\libg.a(lib_a-__atexit.o)
                              c:/armtoolchain/arm_gcc/bin/../lib/gcc/arm-none-eabi/4.9.3/../../../../arm-none-eabi/lib/armv7-m\libg.a(lib_a-atexit.o) (__register_exitproc)

Allocating common symbols
Common symbol       size              file

hUsbDeviceFS        0x224             ./Src/usb_device.o
hUsbDevice_0        0x4               ./Src/usbd_cdc_if.o
rx_buff             0x40              ./Src/main.o
errno               0x4               c:/armtoolchain/arm_gcc/bin/../lib/gcc/arm-none-eabi/4.9.3/../../../../arm-none-eabi/lib/armv7-m\libg.a(lib_a-reent.o)
VCPInitialized      0x1               ./Src/usbd_cdc_if.o
pFlash              0x20              ./Drivers/STM32F1xx_HAL_Driver/Src/stm32f1xx_hal_flash.o
[...]
Memory Configuration

Name             Origin             Length             Attributes
FLASH            0x08000000         0x00020000         xr
RAM              0x20000000         0x00004000         xrw
*default*        0x00000000         0xffffffff

Linker script and memory map

LOAD c:/armtoolchain/arm_gcc/bin/../lib/gcc/arm-none-eabi/4.9.3/armv7-m/crti.o
LOAD c:/armtoolchain/arm_gcc/bin/../lib/gcc/arm-none-eabi/4.9.3/armv7-m/crtbegin.o
LOAD c:/armtoolchain/arm_gcc/bin/../lib/gcc/arm-none-eabi/4.9.3/../../../../arm-none-eabi/lib/armv7-m/crt0.o
LOAD ./System/syscalls.o
LOAD ./Src/main.o
LOAD ./Src/stm32f1xx_hal_msp.o
LOAD ./Src/stm32f1xx_it.o
LOAD ./Src/usb_device.o
LOAD ./Src/usbd_cdc_if.o
LOAD ./Src/usbd_conf.o
LOAD ./Src/usbd_desc.o
LOAD ./Middlewares/ST/STM32_USB_Device_Library/Core/Src/usbd_core.o
LOAD ./Middlewares/ST/STM32_USB_Device_Library/Core/Src/usbd_ctlreq.o
LOAD ./Middlewares/ST/STM32_USB_Device_Library/Core/Src/usbd_ioreq.o
LOAD ./Middlewares/ST/STM32_USB_Device_Library/Class/CDC/Src/usbd_cdc.o
LOAD ./Middlewares/ST/STM32_USB_Device_Library/Class/CDC/Src/usbd_cdc_if_template.o
LOAD ./Drivers/STM32F1xx_HAL_Driver/Src/stm32f1xx_hal.o
LOAD ./Drivers/STM32F1xx_HAL_Driver/Src/stm32f1xx_hal_adc.o
LOAD ./Drivers/STM32F1xx_HAL_Driver/Src/stm32f1xx_hal_adc_ex.o
LOAD ./Drivers/STM32F1xx_HAL_Driver/Src/stm32f1xx_hal_can.o
LOAD ./Drivers/STM32F1xx_HAL_Driver/Src/stm32f1xx_hal_cec.o
LOAD ./Drivers/STM32F1xx_HAL_Driver/Src/stm32f1xx_hal_cortex.o
LOAD ./Drivers/STM32F1xx_HAL_Driver/Src/stm32f1xx_hal_crc.o
LOAD ./Drivers/STM32F1xx_HAL_Driver/Src/stm32f1xx_hal_dac.o
LOAD ./Drivers/STM32F1xx_HAL_Driver/Src/stm32f1xx_hal_dac_ex.o
LOAD ./Drivers/STM32F1xx_HAL_Driver/Src/stm32f1xx_hal_dma.o
LOAD ./Drivers/STM32F1xx_HAL_Driver/Src/stm32f1xx_hal_eth.o
LOAD ./Drivers/STM32F1xx_HAL_Driver/Src/stm32f1xx_hal_flash.o
LOAD ./Drivers/STM32F1xx_HAL_Driver/Src/stm32f1xx_hal_flash_ex.o
LOAD ./Drivers/STM32F1xx_HAL_Driver/Src/stm32f1xx_hal_gpio.o
LOAD ./Drivers/STM32F1xx_HAL_Driver/Src/stm32f1xx_hal_gpio_ex.o
LOAD ./Drivers/STM32F1xx_HAL_Driver/Src/stm32f1xx_hal_hcd.o
LOAD ./Drivers/STM32F1xx_HAL_Driver/Src/stm32f1xx_hal_i2c.o
LOAD ./Drivers/STM32F1xx_HAL_Driver/Src/stm32f1xx_hal_i2s.o
LOAD ./Drivers/STM32F1xx_HAL_Driver/Src/stm32f1xx_hal_irda.o
LOAD ./Drivers/STM32F1xx_HAL_Driver/Src/stm32f1xx_hal_iwdg.o
LOAD ./Drivers/STM32F1xx_HAL_Driver/Src/stm32f1xx_hal_nand.o
LOAD ./Drivers/STM32F1xx_HAL_Driver/Src/stm32f1xx_hal_nor.o
LOAD ./Drivers/STM32F1xx_HAL_Driver/Src/stm32f1xx_hal_pccard.o
LOAD ./Drivers/STM32F1xx_HAL_Driver/Src/stm32f1xx_hal_pcd.o
LOAD ./Drivers/STM32F1xx_HAL_Driver/Src/stm32f1xx_hal_pcd_ex.o
LOAD ./Drivers/STM32F1xx_HAL_Driver/Src/stm32f1xx_hal_pwr.o
LOAD ./Drivers/STM32F1xx_HAL_Driver/Src/stm32f1xx_hal_rcc.o
LOAD ./Drivers/STM32F1xx_HAL_Driver/Src/stm32f1xx_hal_rcc_ex.o
LOAD ./Drivers/STM32F1xx_HAL_Driver/Src/stm32f1xx_hal_rtc.o
LOAD ./Drivers/STM32F1xx_HAL_Driver/Src/stm32f1xx_hal_rtc_ex.o
LOAD ./Drivers/STM32F1xx_HAL_Driver/Src/stm32f1xx_hal_sd.o
LOAD ./Drivers/STM32F1xx_HAL_Driver/Src/stm32f1xx_hal_smartcard.o
LOAD ./Drivers/STM32F1xx_HAL_Driver/Src/stm32f1xx_hal_spi.o
LOAD ./Drivers/STM32F1xx_HAL_Driver/Src/stm32f1xx_hal_spi_ex.o
LOAD ./Drivers/STM32F1xx_HAL_Driver/Src/stm32f1xx_hal_sram.o
LOAD ./Drivers/STM32F1xx_HAL_Driver/Src/stm32f1xx_hal_tim.o
LOAD ./Drivers/STM32F1xx_HAL_Driver/Src/stm32f1xx_hal_tim_ex.o
LOAD ./Drivers/STM32F1xx_HAL_Driver/Src/stm32f1xx_hal_uart.o
LOAD ./Drivers/STM32F1xx_HAL_Driver/Src/stm32f1xx_hal_usart.o
LOAD ./Drivers/STM32F1xx_HAL_Driver/Src/stm32f1xx_hal_wwdg.o
LOAD ./Drivers/STM32F1xx_HAL_Driver/Src/stm32f1xx_ll_fsmc.o
LOAD ./Drivers/STM32F1xx_HAL_Driver/Src/stm32f1xx_ll_sdmmc.o
LOAD ./Drivers/STM32F1xx_HAL_Driver/Src/stm32f1xx_ll_usb.o
LOAD ./Drivers/CMSIS/Device/ST/STM32F1xx/Source/Templates/gcc/startup_stm32f102x6.o
LOAD ./Drivers/CMSIS/Device/ST/STM32F1xx/Source/Templates/system_stm32f1xx.o
LOAD c:/armtoolchain/arm_gcc/bin/../lib/gcc/arm-none-eabi/4.9.3/../../../../arm-none-eabi/lib/armv7-m\libstdc++.a
LOAD c:/armtoolchain/arm_gcc/bin/../lib/gcc/arm-none-eabi/4.9.3/../../../../arm-none-eabi/lib/armv7-m\libm.a
START GROUP
LOAD c:/armtoolchain/arm_gcc/bin/../lib/gcc/arm-none-eabi/4.9.3/armv7-m\libgcc.a
LOAD c:/armtoolchain/arm_gcc/bin/../lib/gcc/arm-none-eabi/4.9.3/../../../../arm-none-eabi/lib/armv7-m\libg.a
LOAD c:/armtoolchain/arm_gcc/bin/../lib/gcc/arm-none-eabi/4.9.3/../../../../arm-none-eabi/lib/armv7-m\libc.a
END GROUP
LOAD c:/armtoolchain/arm_gcc/bin/../lib/gcc/arm-none-eabi/4.9.3/armv7-m/crtend.o
LOAD c:/armtoolchain/arm_gcc/bin/../lib/gcc/arm-none-eabi/4.9.3/armv7-m/crtn.o
                0x20003fff                _estack = 0x20003fff
                0x00000000                _Min_Heap_Size = 0x0
                0x00000400                _Min_Stack_Size = 0x400

.isr_vector     0x08000000      0x10c
                0x08000000                . = ALIGN (0x4)
 *(.isr_vector)
 .isr_vector    0x08000000      0x10c ./Drivers/CMSIS/Device/ST/STM32F1xx/Source/Templates/gcc/startup_stm32f102x6.o
                0x08000000                g_pfnVectors
                0x0800010c                . = ALIGN (0x4)

.text           0x0800010c     0x3650
                0x0800010c                . = ALIGN (0x4)
 *(.text)
 .text          0x0800010c       0x5c c:/armtoolchain/arm_gcc/bin/../lib/gcc/arm-none-eabi/4.9.3/armv7-m/crtbegin.o
 .text          0x08000168       0xec c:/armtoolchain/arm_gcc/bin/../lib/gcc/arm-none-eabi/4.9.3/../../../../arm-none-eabi/lib/armv7-m\libg.a(lib_a-memcpy.o)
                0x08000168                memcpy
 *(.text*)
 .text._sbrk    0x08000254       0x34 ./System/syscalls.o
                0x08000254                _sbrk
 .text.SystemClock_Config
                0x08000288       0x64 ./Src/main.o
                0x08000288                SystemClock_Config
 .text.startup.main
                0x080002ec       0xc0 ./Src/main.o
                0x080002ec                main
 .text.HAL_MspInit
                0x080003ac       0x28 ./Src/stm32f1xx_hal_msp.o
                0x080003ac                HAL_MspInit
 .text.SysTick_Handler
                0x080003d4        0xe ./Src/stm32f1xx_it.o
                0x080003d4                SysTick_Handler
 *fill*         0x080003e2        0x2 
 .text.USB_LP_IRQHandler
                0x080003e4        0xc ./Src/stm32f1xx_it.o
                0x080003e4                USB_LP_IRQHandler
 .text.MX_USB_DEVICE_Init
                0x080003f0       0x38 ./Src/usb_device.o
                0x080003f0                MX_USB_DEVICE_Init
 .text.CDC_DeInit_FS
                0x08000428        0x4 ./Src/usbd_cdc_if.o
 .text.CDC_Control_FS
                0x0800042c        0x4 ./Src/usbd_cdc_if.o
 .text.CDC_Receive_FS
                0x08000430       0x1c ./Src/usbd_cdc_if.o
 .text.CDC_Init_FS
                0x0800044c       0x20 ./Src/usbd_cdc_if.o
 .text.VCP_read
                0x0800046c       0x58 ./Src/usbd_cdc_if.o
                0x0800046c                VCP_read
 .text.VCP_write
                0x080004c4       0x68 ./Src/usbd_cdc_if.o
                0x080004c4                VCP_write
 .text.HAL_PCD_MspInit
                0x0800052c       0x3c ./Src/usbd_conf.o
                0x0800052c                HAL_PCD_MspInit
 .text.HAL_PCD_SetupStageCallback
                0x08000568        0xe ./Src/usbd_conf.o
                0x08000568                HAL_PCD_SetupStageCallback
 .text.HAL_PCD_DataOutStageCallback
                0x08000576       0x10 ./Src/usbd_conf.o
                0x08000576                HAL_PCD_DataOutStageCallback
 .text.HAL_PCD_DataInStageCallback
                0x08000586        0xe ./Src/usbd_conf.o
                0x08000586                HAL_PCD_DataInStageCallback
 .text.HAL_PCD_SOFCallback
                0x08000594        0x8 ./Src/usbd_conf.o
                0x08000594                HAL_PCD_SOFCallback
 .text.HAL_PCD_ResetCallback
                0x0800059c       0x1a ./Src/usbd_conf.o
                0x0800059c                HAL_PCD_ResetCallback
 *fill*         0x080005b6        0x2 
 .text.HAL_PCD_SuspendCallback
                0x080005b8       0x20 ./Src/usbd_conf.o
                0x080005b8                HAL_PCD_SuspendCallback
 .text.HAL_PCD_ResumeCallback
                0x080005d8        0x8 ./Src/usbd_conf.o
                0x080005d8                HAL_PCD_ResumeCallback
 .text.USBD_LL_Init
                0x080005e0       0x80 ./Src/usbd_conf.o
                0x080005e0                USBD_LL_Init
 .text.USBD_LL_Start
                0x08000660        0xe ./Src/usbd_conf.o
                0x08000660                USBD_LL_Start
 .text.USBD_LL_OpenEP
                0x0800066e       0x14 ./Src/usbd_conf.o
                0x0800066e                USBD_LL_OpenEP
 .text.USBD_LL_CloseEP
                0x08000682        0xe ./Src/usbd_conf.o
                0x08000682                USBD_LL_CloseEP
 .text.USBD_LL_StallEP
                0x08000690        0xe ./Src/usbd_conf.o
                0x08000690                USBD_LL_StallEP
 .text.USBD_LL_ClearStallEP
                0x0800069e        0xe ./Src/usbd_conf.o
                0x0800069e                USBD_LL_ClearStallEP
 .text.USBD_LL_IsStallEP
                0x080006ac       0x20 ./Src/usbd_conf.o
                0x080006ac                USBD_LL_IsStallEP
 .text.USBD_LL_SetUSBAddress
                0x080006cc        0xe ./Src/usbd_conf.o
                0x080006cc                USBD_LL_SetUSBAddress
 .text.USBD_LL_Transmit
                0x080006da        0xe ./Src/usbd_conf.o
                0x080006da                USBD_LL_Transmit
 .text.USBD_LL_PrepareReceive
                0x080006e8        0xe ./Src/usbd_conf.o
                0x080006e8                USBD_LL_PrepareReceive
 .text.USBD_LL_GetRxDataSize
                0x080006f6        0xc ./Src/usbd_conf.o
                0x080006f6                USBD_LL_GetRxDataSize
 *fill*         0x08000702        0x2 
 .text.USBD_static_malloc
                0x08000704        0x8 ./Src/usbd_conf.o
                0x08000704                USBD_static_malloc
 .text.USBD_static_free
                0x0800070c        0x4 ./Src/usbd_conf.o
                0x0800070c                USBD_static_free
 .text.HAL_PCDEx_SetConnectionState
                0x08000710        0x2 ./Src/usbd_conf.o
                0x08000710                HAL_PCDEx_SetConnectionState
 *fill*         0x08000712        0x2 
 .text.USBD_FS_DeviceDescriptor
                0x08000714        0xc ./Src/usbd_desc.o
                0x08000714                USBD_FS_DeviceDescriptor
 .text.USBD_FS_LangIDStrDescriptor
                0x08000720        0xc ./Src/usbd_desc.o
                0x08000720                USBD_FS_LangIDStrDescriptor
 .text.USBD_FS_ManufacturerStrDescriptor
                0x0800072c       0x1c ./Src/usbd_desc.o
                0x0800072c                USBD_FS_ManufacturerStrDescriptor
 .text.USBD_FS_ProductStrDescriptor
                0x08000748       0x1c ./Src/usbd_desc.o
                0x08000748                USBD_FS_ProductStrDescriptor
 .text.USBD_FS_SerialStrDescriptor
                0x08000764       0x1c ./Src/usbd_desc.o
                0x08000764                USBD_FS_SerialStrDescriptor
 .text.USBD_FS_ConfigStrDescriptor
                0x08000780       0x1c ./Src/usbd_desc.o
                0x08000780                USBD_FS_ConfigStrDescriptor
 .text.USBD_FS_InterfaceStrDescriptor
                0x0800079c       0x1c ./Src/usbd_desc.o
                0x0800079c                USBD_FS_InterfaceStrDescriptor
 .text.USBD_Init
                0x080007b8       0x2a ./Middlewares/ST/STM32_USB_Device_Library/Core/Src/usbd_core.o
                0x080007b8                USBD_Init
 .text.USBD_RegisterClass
                0x080007e2        0xe ./Middlewares/ST/STM32_USB_Device_Library/Core/Src/usbd_core.o
                0x080007e2                USBD_RegisterClass
 .text.USBD_Start
                0x080007f0        0xa ./Middlewares/ST/STM32_USB_Device_Library/Core/Src/usbd_core.o
                0x080007f0                USBD_Start
 .text.USBD_SetClassConfig
                0x080007fa       0x16 ./Middlewares/ST/STM32_USB_Device_Library/Core/Src/usbd_core.o
                0x080007fa                USBD_SetClassConfig
 .text.USBD_ClrClassConfig
                0x08000810        0xe ./Middlewares/ST/STM32_USB_Device_Library/Core/Src/usbd_core.o
                0x08000810                USBD_ClrClassConfig
 .text.USBD_LL_SetupStage
                0x0800081e       0x5a ./Middlewares/ST/STM32_USB_Device_Library/Core/Src/usbd_core.o
                0x0800081e                USBD_LL_SetupStage
 .text.USBD_LL_DataOutStage
                0x08000878       0x60 ./Middlewares/ST/STM32_USB_Device_Library/Core/Src/usbd_core.o
                0x08000878                USBD_LL_DataOutStage
 .text.USBD_LL_DataInStage
                0x080008d8       0x88 ./Middlewares/ST/STM32_USB_Device_Library/Core/Src/usbd_core.o
                0x080008d8                USBD_LL_DataInStage
 .text.USBD_LL_Reset
                0x08000960       0x3e ./Middlewares/ST/STM32_USB_Device_Library/Core/Src/usbd_core.o
                0x08000960                USBD_LL_Reset
 .text.USBD_LL_SetSpeed
                0x0800099e        0x6 ./Middlewares/ST/STM32_USB_Device_Library/Core/Src/usbd_core.o
                0x0800099e                USBD_LL_SetSpeed
 .text.USBD_LL_Suspend
                0x080009a4       0x12 ./Middlewares/ST/STM32_USB_Device_Library/Core/Src/usbd_core.o
                0x080009a4                USBD_LL_Suspend
 .text.USBD_LL_Resume
                0x080009b6        0xc ./Middlewares/ST/STM32_USB_Device_Library/Core/Src/usbd_core.o
                0x080009b6                USBD_LL_Resume
 .text.USBD_LL_SOF
                0x080009c2       0x18 ./Middlewares/ST/STM32_USB_Device_Library/Core/Src/usbd_core.o
                0x080009c2                USBD_LL_SOF
 .text.USBD_ParseSetupRequest
                0x080009da       0x28 ./Middlewares/ST/STM32_USB_Device_Library/Core/Src/usbd_ctlreq.o
                0x080009da                USBD_ParseSetupRequest
 .text.USBD_CtlError
                0x08000a02       0x16 ./Middlewares/ST/STM32_USB_Device_Library/Core/Src/usbd_ctlreq.o
                0x08000a02                USBD_CtlError
 .text.USBD_StdDevReq
                0x08000a18      0x218 ./Middlewares/ST/STM32_USB_Device_Library/Core/Src/usbd_ctlreq.o
                0x08000a18                USBD_StdDevReq
 .text.USBD_StdItfReq
                0x08000c30       0x30 ./Middlewares/ST/STM32_USB_Device_Library/Core/Src/usbd_ctlreq.o
                0x08000c30                USBD_StdItfReq
 .text.USBD_StdEPReq
                0x08000c60       0xb2 ./Middlewares/ST/STM32_USB_Device_Library/Core/Src/usbd_ctlreq.o
                0x08000c60                USBD_StdEPReq
 .text.USBD_GetString
                0x08000d12       0x3a ./Middlewares/ST/STM32_USB_Device_Library/Core/Src/usbd_ctlreq.o
                0x08000d12                USBD_GetString
 .text.USBD_CtlSendData
                0x08000d4c       0x1c ./Middlewares/ST/STM32_USB_Device_Library/Core/Src/usbd_ioreq.o
                0x08000d4c                USBD_CtlSendData
 .text.USBD_CtlContinueSendData
                0x08000d68       0x12 ./Middlewares/ST/STM32_USB_Device_Library/Core/Src/usbd_ioreq.o
                0x08000d68                USBD_CtlContinueSendData
 .text.USBD_CtlPrepareRx
                0x08000d7a       0x20 ./Middlewares/ST/STM32_USB_Device_Library/Core/Src/usbd_ioreq.o
                0x08000d7a                USBD_CtlPrepareRx
 .text.USBD_CtlContinueRx
                0x08000d9a       0x12 ./Middlewares/ST/STM32_USB_Device_Library/Core/Src/usbd_ioreq.o
                0x08000d9a                USBD_CtlContinueRx
 .text.USBD_CtlSendStatus
                0x08000dac       0x16 ./Middlewares/ST/STM32_USB_Device_Library/Core/Src/usbd_ioreq.o
                0x08000dac                USBD_CtlSendStatus
 .text.USBD_CtlReceiveStatus
                0x08000dc2       0x16 ./Middlewares/ST/STM32_USB_Device_Library/Core/Src/usbd_ioreq.o
                0x08000dc2                USBD_CtlReceiveStatus
 .text.USBD_CDC_DataIn
                0x08000dd8       0x12 ./Middlewares/ST/STM32_USB_Device_Library/Class/CDC/Src/usbd_cdc.o
 .text.USBD_CDC_EP0_RxReady
                0x08000dea       0x28 ./Middlewares/ST/STM32_USB_Device_Library/Class/CDC/Src/usbd_cdc.o
 *fill*         0x08000e12        0x2 
 .text.USBD_CDC_GetFSCfgDesc
                0x08000e14        0xc ./Middlewares/ST/STM32_USB_Device_Library/Class/CDC/Src/usbd_cdc.o
 .text.USBD_CDC_GetHSCfgDesc
                0x08000e20        0xc ./Middlewares/ST/STM32_USB_Device_Library/Class/CDC/Src/usbd_cdc.o
 .text.USBD_CDC_GetOtherSpeedCfgDesc
                0x08000e2c        0xc ./Middlewares/ST/STM32_USB_Device_Library/Class/CDC/Src/usbd_cdc.o
 .text.USBD_CDC_GetDeviceQualifierDescriptor
                0x08000e38        0xc ./Middlewares/ST/STM32_USB_Device_Library/Class/CDC/Src/usbd_cdc.o
                0x08000e38                USBD_CDC_GetDeviceQualifierDescriptor
 .text.USBD_CDC_DataOut
                0x08000e44       0x2e ./Middlewares/ST/STM32_USB_Device_Library/Class/CDC/Src/usbd_cdc.o
 .text.USBD_CDC_Setup
                0x08000e72       0x5a ./Middlewares/ST/STM32_USB_Device_Library/Class/CDC/Src/usbd_cdc.o
 .text.USBD_CDC_DeInit
                0x08000ecc       0x3a ./Middlewares/ST/STM32_USB_Device_Library/Class/CDC/Src/usbd_cdc.o
 .text.USBD_CDC_Init
                0x08000f06       0x86 ./Middlewares/ST/STM32_USB_Device_Library/Class/CDC/Src/usbd_cdc.o
 .text.USBD_CDC_RegisterInterface
                0x08000f8c        0xe ./Middlewares/ST/STM32_USB_Device_Library/Class/CDC/Src/usbd_cdc.o
                0x08000f8c                USBD_CDC_RegisterInterface
 .text.USBD_CDC_SetTxBuffer
                0x08000f9a       0x10 ./Middlewares/ST/STM32_USB_Device_Library/Class/CDC/Src/usbd_cdc.o
                0x08000f9a                USBD_CDC_SetTxBuffer
 .text.USBD_CDC_SetRxBuffer
                0x08000faa        0xc ./Middlewares/ST/STM32_USB_Device_Library/Class/CDC/Src/usbd_cdc.o
                0x08000faa                USBD_CDC_SetRxBuffer
 .text.USBD_CDC_TransmitPacket
                0x08000fb6       0x2e ./Middlewares/ST/STM32_USB_Device_Library/Class/CDC/Src/usbd_cdc.o
                0x08000fb6                USBD_CDC_TransmitPacket
 .text.USBD_CDC_ReceivePacket
                0x08000fe4       0x26 ./Middlewares/ST/STM32_USB_Device_Library/Class/CDC/Src/usbd_cdc.o
                0x08000fe4                USBD_CDC_ReceivePacket
 .text.HAL_InitTick
                0x0800100a       0x24 ./Drivers/STM32F1xx_HAL_Driver/Src/stm32f1xx_hal.o
                0x0800100a                HAL_InitTick
 *fill*         0x0800102e        0x2 
 .text.HAL_Init
                0x08001030       0x24 ./Drivers/STM32F1xx_HAL_Driver/Src/stm32f1xx_hal.o
                0x08001030                HAL_Init
 .text.HAL_IncTick
                0x08001054       0x10 ./Drivers/STM32F1xx_HAL_Driver/Src/stm32f1xx_hal.o
                0x08001054                HAL_IncTick
 .text.HAL_GetTick
                0x08001064        0xc ./Drivers/STM32F1xx_HAL_Driver/Src/stm32f1xx_hal.o
                0x08001064                HAL_GetTick
 .text.HAL_Delay
                0x08001070       0x1a ./Drivers/STM32F1xx_HAL_Driver/Src/stm32f1xx_hal.o
                0x08001070                HAL_Delay
 *fill*         0x0800108a        0x2 
 .text.HAL_NVIC_SetPriorityGrouping
                0x0800108c       0x24 ./Drivers/STM32F1xx_HAL_Driver/Src/stm32f1xx_hal_cortex.o
                0x0800108c                HAL_NVIC_SetPriorityGrouping
 .text.HAL_NVIC_SetPriority
                0x080010b0       0x60 ./Drivers/STM32F1xx_HAL_Driver/Src/stm32f1xx_hal_cortex.o
                0x080010b0                HAL_NVIC_SetPriority
 .text.HAL_NVIC_EnableIRQ
                0x08001110       0x18 ./Drivers/STM32F1xx_HAL_Driver/Src/stm32f1xx_hal_cortex.o
                0x08001110                HAL_NVIC_EnableIRQ
 .text.HAL_SYSTICK_Config
                0x08001128       0x2c ./Drivers/STM32F1xx_HAL_Driver/Src/stm32f1xx_hal_cortex.o
                0x08001128                HAL_SYSTICK_Config
 .text.HAL_SYSTICK_Callback
                0x08001154        0x2 ./Drivers/STM32F1xx_HAL_Driver/Src/stm32f1xx_hal_cortex.o
                0x08001154                HAL_SYSTICK_Callback
 .text.HAL_SYSTICK_IRQHandler
                0x08001156        0x8 ./Drivers/STM32F1xx_HAL_Driver/Src/stm32f1xx_hal_cortex.o
                0x08001156                HAL_SYSTICK_IRQHandler
 *fill*         0x0800115e        0x2 
 .text.HAL_GPIO_Init
                0x08001160      0x174 ./Drivers/STM32F1xx_HAL_Driver/Src/stm32f1xx_hal_gpio.o
                0x08001160                HAL_GPIO_Init
 .text.HAL_GPIO_WritePin
                0x080012d4        0x8 ./Drivers/STM32F1xx_HAL_Driver/Src/stm32f1xx_hal_gpio.o
                0x080012d4                HAL_GPIO_WritePin
 .text.HAL_PCD_Init
                0x080012dc       0xd0 ./Drivers/STM32F1xx_HAL_Driver/Src/stm32f1xx_hal_pcd.o
                0x080012dc                HAL_PCD_Init
 .text.HAL_PCD_Start
                0x080013ac       0x2e ./Drivers/STM32F1xx_HAL_Driver/Src/stm32f1xx_hal_pcd.o
                0x080013ac                HAL_PCD_Start
 .text.HAL_PCD_SetAddress
                0x080013da       0x28 ./Drivers/STM32F1xx_HAL_Driver/Src/stm32f1xx_hal_pcd.o
                0x080013da                HAL_PCD_SetAddress
 .text.HAL_PCD_EP_Open
                0x08001402       0x48 ./Drivers/STM32F1xx_HAL_Driver/Src/stm32f1xx_hal_pcd.o
                0x08001402                HAL_PCD_EP_Open
 .text.HAL_PCD_EP_Close
                0x0800144a       0x44 ./Drivers/STM32F1xx_HAL_Driver/Src/stm32f1xx_hal_pcd.o
                0x0800144a                HAL_PCD_EP_Close
 .text.HAL_PCD_EP_Receive
                0x0800148e       0x48 ./Drivers/STM32F1xx_HAL_Driver/Src/stm32f1xx_hal_pcd.o
                0x0800148e                HAL_PCD_EP_Receive
 .text.HAL_PCD_EP_GetRxCount
                0x080014d6        0xe ./Drivers/STM32F1xx_HAL_Driver/Src/stm32f1xx_hal_pcd.o
                0x080014d6                HAL_PCD_EP_GetRxCount
 .text.HAL_PCD_EP_Transmit
                0x080014e4       0x40 ./Drivers/STM32F1xx_HAL_Driver/Src/stm32f1xx_hal_pcd.o
                0x080014e4                HAL_PCD_EP_Transmit
 .text.HAL_PCD_IRQHandler
                0x08001524      0x4dc ./Drivers/STM32F1xx_HAL_Driver/Src/stm32f1xx_hal_pcd.o
                0x08001524                HAL_PCD_IRQHandler
 .text.HAL_PCD_EP_SetStall
                0x08001a00       0x54 ./Drivers/STM32F1xx_HAL_Driver/Src/stm32f1xx_hal_pcd.o
                0x08001a00                HAL_PCD_EP_SetStall
 .text.HAL_PCD_EP_ClrStall
                0x08001a54       0x48 ./Drivers/STM32F1xx_HAL_Driver/Src/stm32f1xx_hal_pcd.o
                0x08001a54                HAL_PCD_EP_ClrStall
 .text.HAL_PCDEx_PMAConfig
                0x08001a9c       0x30 ./Drivers/STM32F1xx_HAL_Driver/Src/stm32f1xx_hal_pcd_ex.o
                0x08001a9c                HAL_PCDEx_PMAConfig
 .text.HAL_RCC_OscConfig
                0x08001acc      0x6e4 ./Drivers/STM32F1xx_HAL_Driver/Src/stm32f1xx_hal_rcc.o
                0x08001acc                HAL_RCC_OscConfig
 .text.HAL_RCC_GetSysClockFreq
                0x080021b0       0xa0 ./Drivers/STM32F1xx_HAL_Driver/Src/stm32f1xx_hal_rcc.o
                0x080021b0                HAL_RCC_GetSysClockFreq
 .text.HAL_RCC_GetHCLKFreq
                0x08002250       0x38 ./Drivers/STM32F1xx_HAL_Driver/Src/stm32f1xx_hal_rcc.o
                0x08002250                HAL_RCC_GetHCLKFreq
 .text.HAL_RCC_ClockConfig
                0x08002288      0x2c8 ./Drivers/STM32F1xx_HAL_Driver/Src/stm32f1xx_hal_rcc_ex.o
                0x08002288                HAL_RCC_ClockConfig
 .text.HAL_RCCEx_PeriphCLKConfig
                0x08002550      0x120 ./Drivers/STM32F1xx_HAL_Driver/Src/stm32f1xx_hal_rcc_ex.o
                0x08002550                HAL_RCCEx_PeriphCLKConfig
 .text.USB_CoreInit
                0x08002670        0xe ./Drivers/STM32F1xx_HAL_Driver/Src/stm32f1xx_ll_usb.o
                0x08002670                USB_CoreInit
 .text.USB_EnableGlobalInt
                0x0800267e       0x12 ./Drivers/STM32F1xx_HAL_Driver/Src/stm32f1xx_ll_usb.o
                0x0800267e                USB_EnableGlobalInt
 .text.USB_DisableGlobalInt
                0x08002690       0x14 ./Drivers/STM32F1xx_HAL_Driver/Src/stm32f1xx_ll_usb.o
                0x08002690                USB_DisableGlobalInt
 .text.USB_SetCurrentMode
                0x080026a4        0x4 ./Drivers/STM32F1xx_HAL_Driver/Src/stm32f1xx_ll_usb.o
                0x080026a4                USB_SetCurrentMode
 .text.USB_DevInit
                0x080026a8       0x28 ./Drivers/STM32F1xx_HAL_Driver/Src/stm32f1xx_ll_usb.o
                0x080026a8                USB_DevInit
 .text.USB_ActivateEndpoint
                0x080026d0      0x2e4 ./Drivers/STM32F1xx_HAL_Driver/Src/stm32f1xx_ll_usb.o
                0x080026d0                USB_ActivateEndpoint
 .text.USB_DeactivateEndpoint
                0x080029b4      0x170 ./Drivers/STM32F1xx_HAL_Driver/Src/stm32f1xx_ll_usb.o
                0x080029b4                USB_DeactivateEndpoint
 .text.USB_EPSetStall
                0x08002b24       0x62 ./Drivers/STM32F1xx_HAL_Driver/Src/stm32f1xx_ll_usb.o
                0x08002b24                USB_EPSetStall
 .text.USB_EPClearStall
                0x08002b86       0x84 ./Drivers/STM32F1xx_HAL_Driver/Src/stm32f1xx_ll_usb.o
                0x08002b86                USB_EPClearStall
 .text.USB_SetDevAddress
                0x08002c0a        0xc ./Drivers/STM32F1xx_HAL_Driver/Src/stm32f1xx_ll_usb.o
                0x08002c0a                USB_SetDevAddress
 .text.USB_DevConnect
                0x08002c16        0x4 ./Drivers/STM32F1xx_HAL_Driver/Src/stm32f1xx_ll_usb.o
                0x08002c16                USB_DevConnect
 .text.USB_DevDisconnect
                0x08002c1a        0x4 ./Drivers/STM32F1xx_HAL_Driver/Src/stm32f1xx_ll_usb.o
                0x08002c1a                USB_DevDisconnect
 .text.USB_ReadInterrupts
                0x08002c1e        0x8 ./Drivers/STM32F1xx_HAL_Driver/Src/stm32f1xx_ll_usb.o
                0x08002c1e                USB_ReadInterrupts
 .text.USB_EP0_OutStart
                0x08002c26        0x4 ./Drivers/STM32F1xx_HAL_Driver/Src/stm32f1xx_ll_usb.o
                0x08002c26                USB_EP0_OutStart
 .text.USB_WritePMA
                0x08002c2a       0x2e ./Drivers/STM32F1xx_HAL_Driver/Src/stm32f1xx_ll_usb.o
                0x08002c2a                USB_WritePMA
 .text.USB_EPStartXfer
                0x08002c58      0x140 ./Drivers/STM32F1xx_HAL_Driver/Src/stm32f1xx_ll_usb.o
                0x08002c58                USB_EPStartXfer
 .text.USB_ReadPMA
                0x08002d98       0x22 ./Drivers/STM32F1xx_HAL_Driver/Src/stm32f1xx_ll_usb.o
                0x08002d98                USB_ReadPMA
 *fill*         0x08002dba        0x2 
 .text.Reset_Handler
                0x08002dbc       0x48 ./Drivers/CMSIS/Device/ST/STM32F1xx/Source/Templates/gcc/startup_stm32f102x6.o
                0x08002dbc                Reset_Handler
 .text.Default_Handler
                0x08002e04        0x2 ./Drivers/CMSIS/Device/ST/STM32F1xx/Source/Templates/gcc/startup_stm32f102x6.o
                0x08002e04                RTC_Alarm_IRQHandler
                0x08002e04                EXTI2_IRQHandler
                0x08002e04                DebugMon_Handler
                0x08002e04                HardFault_Handler
                0x08002e04                USB_HP_IRQHandler
                0x08002e04                PVD_IRQHandler
                0x08002e04                PendSV_Handler
                0x08002e04                NMI_Handler
                0x08002e04                EXTI3_IRQHandler
                0x08002e04                EXTI0_IRQHandler
                0x08002e04                UsageFault_Handler
                0x08002e04                SPI1_IRQHandler
                0x08002e04                TAMPER_IRQHandler
                0x08002e04                DMA1_Channel4_IRQHandler
                0x08002e04                ADC1_IRQHandler
                0x08002e04                RTC_IRQHandler
                0x08002e04                DMA1_Channel7_IRQHandler
                0x08002e04                I2C1_EV_IRQHandler
                0x08002e04                DMA1_Channel6_IRQHandler
                0x08002e04                TIM3_IRQHandler
                0x08002e04                RCC_IRQHandler
                0x08002e04                DMA1_Channel1_IRQHandler
                0x08002e04                Default_Handler
                0x08002e04                EXTI15_10_IRQHandler
                0x08002e04                EXTI9_5_IRQHandler
                0x08002e04                MemManage_Handler
                0x08002e04                SVC_Handler
                0x08002e04                DMA1_Channel5_IRQHandler
                0x08002e04                EXTI4_IRQHandler
                0x08002e04                DMA1_Channel3_IRQHandler
                0x08002e04                WWDG_IRQHandler
                0x08002e04                TIM2_IRQHandler
                0x08002e04                EXTI1_IRQHandler
                0x08002e04                USART2_IRQHandler
                0x08002e04                DMA1_Channel2_IRQHandler
                0x08002e04                FLASH_IRQHandler
                0x08002e04                BusFault_Handler
                0x08002e04                USART1_IRQHandler
                0x08002e04                I2C1_ER_IRQHandler
                0x08002e04                USBWakeUp_IRQHandler
 *fill*         0x08002e06        0x2 
 .text.SystemInit
                0x08002e08       0x4c ./Drivers/CMSIS/Device/ST/STM32F1xx/Source/Templates/system_stm32f1xx.o
                0x08002e08                SystemInit
 .text.__errno  0x08002e54        0xc c:/armtoolchain/arm_gcc/bin/../lib/gcc/arm-none-eabi/4.9.3/../../../../arm-none-eabi/lib/armv7-m\libg.a(lib_a-errno.o)
                0x08002e54                __errno
 .text.__libc_init_array
                0x08002e60       0x50 c:/armtoolchain/arm_gcc/bin/../lib/gcc/arm-none-eabi/4.9.3/../../../../arm-none-eabi/lib/armv7-m\libg.a(lib_a-init.o)
                0x08002e60                __libc_init_array
 .text.malloc   0x08002eb0       0x10 c:/armtoolchain/arm_gcc/bin/../lib/gcc/arm-none-eabi/4.9.3/../../../../arm-none-eabi/lib/armv7-m\libg.a(lib_a-malloc.o)
                0x08002eb0                malloc
 .text.free     0x08002ec0       0x10 c:/armtoolchain/arm_gcc/bin/../lib/gcc/arm-none-eabi/4.9.3/../../../../arm-none-eabi/lib/armv7-m\libg.a(lib_a-malloc.o)
                0x08002ec0                free
 .text._malloc_r
                0x08002ed0      0x50c c:/armtoolchain/arm_gcc/bin/../lib/gcc/arm-none-eabi/4.9.3/../../../../arm-none-eabi/lib/armv7-m\libg.a(lib_a-mallocr.o)
                0x08002ed0                _malloc_r
 .text.__malloc_lock
                0x080033dc        0x4 c:/armtoolchain/arm_gcc/bin/../lib/gcc/arm-none-eabi/4.9.3/../../../../arm-none-eabi/lib/armv7-m\libg.a(lib_a-mlock.o)
                0x080033dc                __malloc_lock
 .text.__malloc_unlock
                0x080033e0        0x4 c:/armtoolchain/arm_gcc/bin/../lib/gcc/arm-none-eabi/4.9.3/../../../../arm-none-eabi/lib/armv7-m\libg.a(lib_a-mlock.o)
                0x080033e0                __malloc_unlock
 .text._sbrk_r  0x080033e4       0x24 c:/armtoolchain/arm_gcc/bin/../lib/gcc/arm-none-eabi/4.9.3/../../../../arm-none-eabi/lib/armv7-m\libg.a(lib_a-sbrkr.o)
                0x080033e4                _sbrk_r
 .text.startup.register_fini
                0x08003408       0x14 c:/armtoolchain/arm_gcc/bin/../lib/gcc/arm-none-eabi/4.9.3/../../../../arm-none-eabi/lib/armv7-m\libg.a(lib_a-__call_atexit.o)
 .text.atexit   0x0800341c        0xc c:/armtoolchain/arm_gcc/bin/../lib/gcc/arm-none-eabi/4.9.3/../../../../arm-none-eabi/lib/armv7-m\libg.a(lib_a-atexit.o)
                0x0800341c                atexit
 .text.__libc_fini_array
                0x08003428       0x2c c:/armtoolchain/arm_gcc/bin/../lib/gcc/arm-none-eabi/4.9.3/../../../../arm-none-eabi/lib/armv7-m\libg.a(lib_a-fini.o)
                0x08003428                __libc_fini_array
 .text._malloc_trim_r
                0x08003454       0x9c c:/armtoolchain/arm_gcc/bin/../lib/gcc/arm-none-eabi/4.9.3/../../../../arm-none-eabi/lib/armv7-m\libg.a(lib_a-freer.o)
                0x08003454                _malloc_trim_r
 .text._free_r  0x080034f0      0x1b0 c:/armtoolchain/arm_gcc/bin/../lib/gcc/arm-none-eabi/4.9.3/../../../../arm-none-eabi/lib/armv7-m\libg.a(lib_a-freer.o)
                0x080034f0                _free_r
 .text.__register_exitproc
                0x080036a0       0xa4 c:/armtoolchain/arm_gcc/bin/../lib/gcc/arm-none-eabi/4.9.3/../../../../arm-none-eabi/lib/armv7-m\libg.a(lib_a-__atexit.o)
                0x080036a0                __register_exitproc
 *(.glue_7)
 .glue_7        0x00000000        0x0 linker stubs
 *(.glue_7t)
 .glue_7t       0x00000000        0x0 linker stubs
 *(.eh_frame)
 .eh_frame      0x08003744        0x0 c:/armtoolchain/arm_gcc/bin/../lib/gcc/arm-none-eabi/4.9.3/armv7-m/crtbegin.o
 *(.init)
 .init          0x08003744        0x4 c:/armtoolchain/arm_gcc/bin/../lib/gcc/arm-none-eabi/4.9.3/armv7-m/crti.o
                0x08003744                _init
 .init          0x08003748        0x8 c:/armtoolchain/arm_gcc/bin/../lib/gcc/arm-none-eabi/4.9.3/armv7-m/crtn.o
 *(.fini)
 .fini          0x08003750        0x4 c:/armtoolchain/arm_gcc/bin/../lib/gcc/arm-none-eabi/4.9.3/armv7-m/crti.o
                0x08003750                _fini
 .fini          0x08003754        0x8 c:/armtoolchain/arm_gcc/bin/../lib/gcc/arm-none-eabi/4.9.3/armv7-m/crtn.o
                0x0800375c                . = ALIGN (0x4)
                0x0800375c                _etext = .

.vfp11_veneer   0x0800375c        0x0
 .vfp11_veneer  0x00000000        0x0 linker stubs

.v4_bx          0x0800375c        0x0
 .v4_bx         0x00000000        0x0 linker stubs

.iplt           0x0800375c        0x0
 .iplt          0x00000000        0x0 c:/armtoolchain/arm_gcc/bin/../lib/gcc/arm-none-eabi/4.9.3/armv7-m/crtbegin.o

.rodata         0x0800375c       0x8c
                0x0800375c                . = ALIGN (0x4)
 *(.rodata)
 .rodata        0x0800375c       0x12 ./Drivers/STM32F1xx_HAL_Driver/Src/stm32f1xx_hal_rcc.o
 *(.rodata*)
 .rodata.str1.1
                0x0800376e       0x10 ./Src/main.o
 .rodata.str1.1
                0x0800377e       0x4f ./Src/usbd_desc.o
 .rodata.aAPBAHBPrescTable
                0x080037cd       0x10 ./Drivers/STM32F1xx_HAL_Driver/Src/stm32f1xx_hal_rcc.o
                0x080037cd                aAPBAHBPrescTable
 *fill*         0x080037dd        0x3 
 .rodata.str1.4
                0x080037e0        0x4 c:/armtoolchain/arm_gcc/bin/../lib/gcc/arm-none-eabi/4.9.3/../../../../arm-none-eabi/lib/armv7-m\libg.a(lib_a-impure.o)
 .rodata._global_impure_ptr
                0x080037e4        0x4 c:/armtoolchain/arm_gcc/bin/../lib/gcc/arm-none-eabi/4.9.3/../../../../arm-none-eabi/lib/armv7-m\libg.a(lib_a-impure.o)
                0x080037e4                _global_impure_ptr
                0x080037e8                . = ALIGN (0x4)

.rel.dyn        0x080037e8        0x0
 .rel.iplt      0x00000000        0x0 c:/armtoolchain/arm_gcc/bin/../lib/gcc/arm-none-eabi/4.9.3/armv7-m/crtbegin.o

.ARM.extab
 *(.ARM.extab* .gnu.linkonce.armextab.*)

.ARM            0x080037e8        0x0
                0x080037e8                __exidx_start = .
 *(.ARM.exidx*)
                0x080037e8                __exidx_end = .

.preinit_array  0x080037e8        0x0
                0x080037e8                PROVIDE (__preinit_array_start, .)
 *(.preinit_array*)
                0x080037e8                PROVIDE (__preinit_array_end, .)

.init_array     0x080037e8        0x8
                0x080037e8                PROVIDE (__init_array_start, .)
 *(SORT(.init_array.*))
 .init_array.00000
                0x080037e8        0x4 c:/armtoolchain/arm_gcc/bin/../lib/gcc/arm-none-eabi/4.9.3/../../../../arm-none-eabi/lib/armv7-m\libg.a(lib_a-__call_atexit.o)
 *(.init_array*)
 .init_array    0x080037ec        0x4 c:/armtoolchain/arm_gcc/bin/../lib/gcc/arm-none-eabi/4.9.3/armv7-m/crtbegin.o
                0x080037f0                PROVIDE (__init_array_end, .)

.fini_array     0x080037f0        0x4
                0x080037f0                PROVIDE (__fini_array_start, .)
 *(SORT(.fini_array.*))
 *(.fini_array*)
 .fini_array    0x080037f0        0x4 c:/armtoolchain/arm_gcc/bin/../lib/gcc/arm-none-eabi/4.9.3/armv7-m/crtbegin.o
                0x080037f4                PROVIDE (__fini_array_end, .)
                0x080037f4                _sidata = LOADADDR (.data)

.data           0x20000000      0x994 load address 0x080037f4
                0x20000000                . = ALIGN (0x4)
                0x20000000                _sdata = .
 *(.data)
 *(.data*)
 .data.USBD_Interface_fops_FS
                0x20000000       0x10 ./Src/usbd_cdc_if.o
                0x20000000                USBD_Interface_fops_FS
 .data.FS_Desc  0x20000010       0x1c ./Src/usbd_desc.o
                0x20000010                FS_Desc
 .data.USBD_LangIDDesc
                0x2000002c        0x4 ./Src/usbd_desc.o
                0x2000002c                USBD_LangIDDesc
 .data.USBD_FS_DeviceDesc
                0x20000030       0x14 ./Src/usbd_desc.o
                0x20000030                USBD_FS_DeviceDesc
 .data.USBD_CDC_CfgFSDesc
                0x20000044       0x44 ./Middlewares/ST/STM32_USB_Device_Library/Class/CDC/Src/usbd_cdc.o
                0x20000044                USBD_CDC_CfgFSDesc
 .data.USBD_CDC
                0x20000088       0x38 ./Middlewares/ST/STM32_USB_Device_Library/Class/CDC/Src/usbd_cdc.o
                0x20000088                USBD_CDC
 .data.USBD_CDC_DeviceQualifierDesc
                0x200000c0        0xc ./Middlewares/ST/STM32_USB_Device_Library/Class/CDC/Src/usbd_cdc.o
 .data.USBD_CDC_OtherSpeedCfgDesc
                0x200000cc       0x44 ./Middlewares/ST/STM32_USB_Device_Library/Class/CDC/Src/usbd_cdc.o
                0x200000cc                USBD_CDC_OtherSpeedCfgDesc
 .data.USBD_CDC_CfgHSDesc
                0x20000110       0x44 ./Middlewares/ST/STM32_USB_Device_Library/Class/CDC/Src/usbd_cdc.o
                0x20000110                USBD_CDC_CfgHSDesc
 .data.SystemCoreClock
                0x20000154        0x4 ./Drivers/CMSIS/Device/ST/STM32F1xx/Source/Templates/system_stm32f1xx.o
                0x20000154                SystemCoreClock
 .data.impure_data
                0x20000158      0x428 c:/armtoolchain/arm_gcc/bin/../lib/gcc/arm-none-eabi/4.9.3/../../../../arm-none-eabi/lib/armv7-m\libg.a(lib_a-impure.o)
 .data._impure_ptr
                0x20000580        0x4 c:/armtoolchain/arm_gcc/bin/../lib/gcc/arm-none-eabi/4.9.3/../../../../arm-none-eabi/lib/armv7-m\libg.a(lib_a-impure.o)
                0x20000580                _impure_ptr
 .data.__malloc_av_
                0x20000584      0x408 c:/armtoolchain/arm_gcc/bin/../lib/gcc/arm-none-eabi/4.9.3/../../../../arm-none-eabi/lib/armv7-m\libg.a(lib_a-mallocr.o)
                0x20000584                __malloc_av_
 .data.__malloc_trim_threshold
                0x2000098c        0x4 c:/armtoolchain/arm_gcc/bin/../lib/gcc/arm-none-eabi/4.9.3/../../../../arm-none-eabi/lib/armv7-m\libg.a(lib_a-mallocr.o)
                0x2000098c                __malloc_trim_threshold
 .data.__malloc_sbrk_base
                0x20000990        0x4 c:/armtoolchain/arm_gcc/bin/../lib/gcc/arm-none-eabi/4.9.3/../../../../arm-none-eabi/lib/armv7-m\libg.a(lib_a-mallocr.o)
                0x20000990                __malloc_sbrk_base
                0x20000994                . = ALIGN (0x4)
                0x20000994                _edata = .

.jcr            0x20000994        0x0 load address 0x08004188
 .jcr           0x20000994        0x0 c:/armtoolchain/arm_gcc/bin/../lib/gcc/arm-none-eabi/4.9.3/armv7-m/crtbegin.o

.igot.plt       0x20000994        0x0 load address 0x08004188
 .igot.plt      0x00000000        0x0 c:/armtoolchain/arm_gcc/bin/../lib/gcc/arm-none-eabi/4.9.3/armv7-m/crtbegin.o
                0x20000994                . = ALIGN (0x4)

.bss            0x20000994      0xd5c load address 0x08004188
                0x20000994                _sbss = .
                0x20000994                __bss_start__ = _sbss
 *(.bss)
 .bss           0x20000994       0x1c c:/armtoolchain/arm_gcc/bin/../lib/gcc/arm-none-eabi/4.9.3/armv7-m/crtbegin.o
 *(.bss*)
 .bss.heap_end.5045
                0x200009b0        0x4 ./System/syscalls.o
 .bss.RxBuffer  0x200009b4      0x20c ./Src/usbd_cdc_if.o
 .bss.mem.7391  0x20000bc0      0x21c ./Src/usbd_conf.o
 .bss.cfgidx.7328
                0x20000ddc        0x1 ./Middlewares/ST/STM32_USB_Device_Library/Core/Src/usbd_ctlreq.o
 *fill*         0x20000ddd        0x3 
 .bss.uwTick    0x20000de0        0x4 ./Drivers/STM32F1xx_HAL_Driver/Src/stm32f1xx_hal.o
 .bss.__malloc_max_total_mem
                0x20000de4        0x4 c:/armtoolchain/arm_gcc/bin/../lib/gcc/arm-none-eabi/4.9.3/../../../../arm-none-eabi/lib/armv7-m\libg.a(lib_a-mallocr.o)
                0x20000de4                __malloc_max_total_mem
 .bss.__malloc_max_sbrked_mem
                0x20000de8        0x4 c:/armtoolchain/arm_gcc/bin/../lib/gcc/arm-none-eabi/4.9.3/../../../../arm-none-eabi/lib/armv7-m\libg.a(lib_a-mallocr.o)
                0x20000de8                __malloc_max_sbrked_mem
 .bss.__malloc_top_pad
                0x20000dec        0x4 c:/armtoolchain/arm_gcc/bin/../lib/gcc/arm-none-eabi/4.9.3/../../../../arm-none-eabi/lib/armv7-m\libg.a(lib_a-mallocr.o)
                0x20000dec                __malloc_top_pad
 .bss.__malloc_current_mallinfo
                0x20000df0       0x28 c:/armtoolchain/arm_gcc/bin/../lib/gcc/arm-none-eabi/4.9.3/../../../../arm-none-eabi/lib/armv7-m\libg.a(lib_a-mallocr.o)
                0x20000df0                __malloc_current_mallinfo
 *(COMMON)
 COMMON         0x20000e18       0x80 ./Src/main.o
                0x20000e18                rx_buff
                0x20000e58                tx_buff
 COMMON         0x20000e98      0x224 ./Src/usb_device.o
                0x20000e98                hUsbDeviceFS
 COMMON         0x200010bc        0xd ./Src/usbd_cdc_if.o
                0x200010bc                hUsbDevice_0
                0x200010c0                VCPInitialized
                0x200010c1                UserRxBufferFS
                0x200010c5                UserTxBufferFS
 *fill*         0x200010c9        0x3 
 COMMON         0x200010cc      0x420 ./Src/usbd_conf.o
                0x200010cc                hpcd_USB_FS
 COMMON         0x200014ec      0x200 ./Src/usbd_desc.o
                0x200014ec                USBD_StrDesc
 COMMON         0x200016ec        0x4 c:/armtoolchain/arm_gcc/bin/../lib/gcc/arm-none-eabi/4.9.3/../../../../arm-none-eabi/lib/armv7-m\libg.a(lib_a-reent.o)
                0x200016ec                errno
                0x200016f0                . = ALIGN (0x4)
                0x200016f0                _ebss = .
                0x200016f0                __bss_end__ = _ebss

._user_heap_stack
                0x200016f0      0x400 load address 0x08004188
                0x200016f0                . = ALIGN (0x4)
                0x200016f0                PROVIDE (end, .)
                0x200016f0                PROVIDE (_end, .)
                0x200016f0                . = (. + _Min_Heap_Size)
                0x20001af0                . = (. + _Min_Stack_Size)
 *fill*         0x200016f0      0x400 
                0x20001af0                . = ALIGN (0x4)

/DISCARD/
 libc.a(*)
 libm.a(*)
 libgcc.a(*)

.ARM.attributes
                0x00000000       0x29
 *(.ARM.attributes)
 .ARM.attributes
                0x00000000       0x1d c:/armtoolchain/arm_gcc/bin/../lib/gcc/arm-none-eabi/4.9.3/armv7-m/crti.o
 .ARM.attributes
                0x0000001d       0x2d c:/armtoolchain/arm_gcc/bin/../lib/gcc/arm-none-eabi/4.9.3/armv7-m/crtbegin.o
 .ARM.attributes
                0x0000004a       0x33 ./System/syscalls.o
 .ARM.attributes
                0x0000007d       0x33 ./Src/main.o
 .ARM.attributes
                0x000000b0       0x33 ./Src/stm32f1xx_hal_msp.o
 .ARM.attributes
                0x000000e3       0x33 ./Src/stm32f1xx_it.o
 .ARM.attributes
                0x00000116       0x33 ./Src/usb_device.o
 .ARM.attributes
                0x00000149       0x33 ./Src/usbd_cdc_if.o
 .ARM.attributes
                0x0000017c       0x33 ./Src/usbd_conf.o
 .ARM.attributes
                0x000001af       0x33 ./Src/usbd_desc.o
 .ARM.attributes
                0x000001e2       0x33 ./Middlewares/ST/STM32_USB_Device_Library/Core/Src/usbd_core.o
 .ARM.attributes
                0x00000215       0x33 ./Middlewares/ST/STM32_USB_Device_Library/Core/Src/usbd_ctlreq.o
 .ARM.attributes
                0x00000248       0x33 ./Middlewares/ST/STM32_USB_Device_Library/Core/Src/usbd_ioreq.o
 .ARM.attributes
                0x0000027b       0x33 ./Middlewares/ST/STM32_USB_Device_Library/Class/CDC/Src/usbd_cdc.o
 .ARM.attributes
                0x000002ae       0x33 ./Drivers/STM32F1xx_HAL_Driver/Src/stm32f1xx_hal.o
 .ARM.attributes
                0x000002e1       0x33 ./Drivers/STM32F1xx_HAL_Driver/Src/stm32f1xx_hal_cortex.o
 .ARM.attributes
                0x00000314       0x33 ./Drivers/STM32F1xx_HAL_Driver/Src/stm32f1xx_hal_gpio.o
 .ARM.attributes
                0x00000347       0x33 ./Drivers/STM32F1xx_HAL_Driver/Src/stm32f1xx_hal_pcd.o
 .ARM.attributes
                0x0000037a       0x33 ./Drivers/STM32F1xx_HAL_Driver/Src/stm32f1xx_hal_pcd_ex.o
 .ARM.attributes
                0x000003ad       0x33 ./Drivers/STM32F1xx_HAL_Driver/Src/stm32f1xx_hal_rcc.o
 .ARM.attributes
                0x000003e0       0x33 ./Drivers/STM32F1xx_HAL_Driver/Src/stm32f1xx_hal_rcc_ex.o
 .ARM.attributes
                0x00000413       0x33 ./Drivers/STM32F1xx_HAL_Driver/Src/stm32f1xx_ll_usb.o
 .ARM.attributes
                0x00000446       0x21 ./Drivers/CMSIS/Device/ST/STM32F1xx/Source/Templates/gcc/startup_stm32f102x6.o
 .ARM.attributes
                0x00000467       0x33 ./Drivers/CMSIS/Device/ST/STM32F1xx/Source/Templates/system_stm32f1xx.o
 .ARM.attributes
                0x0000049a       0x2d c:/armtoolchain/arm_gcc/bin/../lib/gcc/arm-none-eabi/4.9.3/../../../../arm-none-eabi/lib/armv7-m\libg.a(lib_a-errno.o)
 .ARM.attributes
                0x000004c7       0x2d c:/armtoolchain/arm_gcc/bin/../lib/gcc/arm-none-eabi/4.9.3/../../../../arm-none-eabi/lib/armv7-m\libg.a(lib_a-impure.o)
 .ARM.attributes
                0x000004f4       0x2d c:/armtoolchain/arm_gcc/bin/../lib/gcc/arm-none-eabi/4.9.3/../../../../arm-none-eabi/lib/armv7-m\libg.a(lib_a-init.o)
 .ARM.attributes
                0x00000521       0x2d c:/armtoolchain/arm_gcc/bin/../lib/gcc/arm-none-eabi/4.9.3/../../../../arm-none-eabi/lib/armv7-m\libg.a(lib_a-malloc.o)
 .ARM.attributes
                0x0000054e       0x2d c:/armtoolchain/arm_gcc/bin/../lib/gcc/arm-none-eabi/4.9.3/../../../../arm-none-eabi/lib/armv7-m\libg.a(lib_a-mallocr.o)
 .ARM.attributes
                0x0000057b       0x1b c:/armtoolchain/arm_gcc/bin/../lib/gcc/arm-none-eabi/4.9.3/../../../../arm-none-eabi/lib/armv7-m\libg.a(lib_a-memcpy.o)
 .ARM.attributes
                0x00000596       0x2d c:/armtoolchain/arm_gcc/bin/../lib/gcc/arm-none-eabi/4.9.3/../../../../arm-none-eabi/lib/armv7-m\libg.a(lib_a-mlock.o)
 .ARM.attributes
                0x000005c3       0x2d c:/armtoolchain/arm_gcc/bin/../lib/gcc/arm-none-eabi/4.9.3/../../../../arm-none-eabi/lib/armv7-m\libg.a(lib_a-sbrkr.o)
 .ARM.attributes
                0x000005f0       0x2d c:/armtoolchain/arm_gcc/bin/../lib/gcc/arm-none-eabi/4.9.3/../../../../arm-none-eabi/lib/armv7-m\libg.a(lib_a-__call_atexit.o)
 .ARM.attributes
                0x0000061d       0x2d c:/armtoolchain/arm_gcc/bin/../lib/gcc/arm-none-eabi/4.9.3/../../../../arm-none-eabi/lib/armv7-m\libg.a(lib_a-atexit.o)
 .ARM.attributes
                0x0000064a       0x2d c:/armtoolchain/arm_gcc/bin/../lib/gcc/arm-none-eabi/4.9.3/../../../../arm-none-eabi/lib/armv7-m\libg.a(lib_a-fini.o)
 .ARM.attributes
                0x00000677       0x2d c:/armtoolchain/arm_gcc/bin/../lib/gcc/arm-none-eabi/4.9.3/../../../../arm-none-eabi/lib/armv7-m\libg.a(lib_a-freer.o)
 .ARM.attributes
                0x000006a4       0x2d c:/armtoolchain/arm_gcc/bin/../lib/gcc/arm-none-eabi/4.9.3/../../../../arm-none-eabi/lib/armv7-m\libg.a(lib_a-reent.o)
 .ARM.attributes
                0x000006d1       0x2d c:/armtoolchain/arm_gcc/bin/../lib/gcc/arm-none-eabi/4.9.3/../../../../arm-none-eabi/lib/armv7-m\libg.a(lib_a-__atexit.o)
 .ARM.attributes
                0x000006fe       0x1d c:/armtoolchain/arm_gcc/bin/../lib/gcc/arm-none-eabi/4.9.3/armv7-m/crtn.o
OUTPUT(usb_vcp_test.elf elf32-littlearm)

.debug_info     0x00000000     0xec69
 .debug_info    0x00000000      0xc4f ./System/syscalls.o
 .debug_info    0x00000c4f      0x719 ./Src/main.o
 .debug_info    0x00001368      0x290 ./Src/stm32f1xx_hal_msp.o
 .debug_info    0x000015f8      0x537 ./Src/stm32f1xx_it.o
 .debug_info    0x00001b2f      0x67b ./Src/usb_device.o
 .debug_info    0x000021aa      0x9d7 ./Src/usbd_cdc_if.o
 .debug_info    0x00002b81     0x17c2 ./Src/usbd_conf.o
 .debug_info    0x00004343      0x4e9 ./Src/usbd_desc.o
 .debug_info    0x0000482c      0xca4 ./Middlewares/ST/STM32_USB_Device_Library/Core/Src/usbd_core.o
 .debug_info    0x000054d0      0xbff ./Middlewares/ST/STM32_USB_Device_Library/Core/Src/usbd_ctlreq.o
 .debug_info    0x000060cf      0x792 ./Middlewares/ST/STM32_USB_Device_Library/Core/Src/usbd_ioreq.o
 .debug_info    0x00006861      0xcea ./Middlewares/ST/STM32_USB_Device_Library/Class/CDC/Src/usbd_cdc.o
 .debug_info    0x0000754b      0x6cb ./Drivers/STM32F1xx_HAL_Driver/Src/stm32f1xx_hal.o
 .debug_info    0x00007c16      0xb92 ./Drivers/STM32F1xx_HAL_Driver/Src/stm32f1xx_hal_cortex.o
 .debug_info    0x000087a8      0x5e9 ./Drivers/STM32F1xx_HAL_Driver/Src/stm32f1xx_hal_gpio.o
 .debug_info    0x00008d91     0x12d0 ./Drivers/STM32F1xx_HAL_Driver/Src/stm32f1xx_hal_pcd.o
 .debug_info    0x0000a061      0x58b ./Drivers/STM32F1xx_HAL_Driver/Src/stm32f1xx_hal_pcd_ex.o
 .debug_info    0x0000a5ec     0x25b4 ./Drivers/STM32F1xx_HAL_Driver/Src/stm32f1xx_hal_rcc.o
 .debug_info    0x0000cba0      0xef7 ./Drivers/STM32F1xx_HAL_Driver/Src/stm32f1xx_hal_rcc_ex.o
 .debug_info    0x0000da97      0xd9d ./Drivers/STM32F1xx_HAL_Driver/Src/stm32f1xx_ll_usb.o
 .debug_info    0x0000e834       0x9b ./Drivers/CMSIS/Device/ST/STM32F1xx/Source/Templates/gcc/startup_stm32f102x6.o
 .debug_info    0x0000e8cf      0x39a ./Drivers/CMSIS/Device/ST/STM32F1xx/Source/Templates/system_stm32f1xx.o

.debug_abbrev   0x00000000     0x2d71
 .debug_abbrev  0x00000000      0x244 ./System/syscalls.o
 .debug_abbrev  0x00000244      0x24e ./Src/main.o
 .debug_abbrev  0x00000492      0x109 ./Src/stm32f1xx_hal_msp.o
 .debug_abbrev  0x0000059b      0x186 ./Src/stm32f1xx_it.o
 .debug_abbrev  0x00000721      0x185 ./Src/usb_device.o
 .debug_abbrev  0x000008a6      0x2fb ./Src/usbd_cdc_if.o
 .debug_abbrev  0x00000ba1      0x2f0 ./Src/usbd_conf.o
 .debug_abbrev  0x00000e91      0x199 ./Src/usbd_desc.o
 .debug_abbrev  0x0000102a      0x26d ./Middlewares/ST/STM32_USB_Device_Library/Core/Src/usbd_core.o
 .debug_abbrev  0x00001297      0x2d9 ./Middlewares/ST/STM32_USB_Device_Library/Core/Src/usbd_ctlreq.o
 .debug_abbrev  0x00001570      0x16a ./Middlewares/ST/STM32_USB_Device_Library/Core/Src/usbd_ioreq.o
 .debug_abbrev  0x000016da      0x27e ./Middlewares/ST/STM32_USB_Device_Library/Class/CDC/Src/usbd_cdc.o
 .debug_abbrev  0x00001958      0x29a ./Drivers/STM32F1xx_HAL_Driver/Src/stm32f1xx_hal.o
 .debug_abbrev  0x00001bf2      0x2c9 ./Drivers/STM32F1xx_HAL_Driver/Src/stm32f1xx_hal_cortex.o
 .debug_abbrev  0x00001ebb      0x1c6 ./Drivers/STM32F1xx_HAL_Driver/Src/stm32f1xx_hal_gpio.o
 .debug_abbrev  0x00002081      0x33f ./Drivers/STM32F1xx_HAL_Driver/Src/stm32f1xx_hal_pcd.o
 .debug_abbrev  0x000023c0      0x169 ./Drivers/STM32F1xx_HAL_Driver/Src/stm32f1xx_hal_pcd_ex.o
 .debug_abbrev  0x00002529      0x317 ./Drivers/STM32F1xx_HAL_Driver/Src/stm32f1xx_hal_rcc.o
 .debug_abbrev  0x00002840      0x228 ./Drivers/STM32F1xx_HAL_Driver/Src/stm32f1xx_hal_rcc_ex.o
 .debug_abbrev  0x00002a68      0x1d7 ./Drivers/STM32F1xx_HAL_Driver/Src/stm32f1xx_ll_usb.o
 .debug_abbrev  0x00002c3f       0x12 ./Drivers/CMSIS/Device/ST/STM32F1xx/Source/Templates/gcc/startup_stm32f102x6.o
 .debug_abbrev  0x00002c51      0x120 ./Drivers/CMSIS/Device/ST/STM32F1xx/Source/Templates/system_stm32f1xx.o

.debug_loc      0x00000000     0x5957
 .debug_loc     0x00000000      0x1d3 ./System/syscalls.o
 .debug_loc     0x000001d3      0x220 ./Src/usbd_cdc_if.o
 .debug_loc     0x000003f3      0x6e7 ./Src/usbd_conf.o
 .debug_loc     0x00000ada      0x273 ./Src/usbd_desc.o
 .debug_loc     0x00000d4d      0x645 ./Middlewares/ST/STM32_USB_Device_Library/Core/Src/usbd_core.o
 .debug_loc     0x00001392      0x6cb ./Middlewares/ST/STM32_USB_Device_Library/Core/Src/usbd_ctlreq.o
 .debug_loc     0x00001a5d      0x204 ./Middlewares/ST/STM32_USB_Device_Library/Core/Src/usbd_ioreq.o
 .debug_loc     0x00001c61      0x434 ./Middlewares/ST/STM32_USB_Device_Library/Class/CDC/Src/usbd_cdc.o
 .debug_loc     0x00002095       0x82 ./Drivers/STM32F1xx_HAL_Driver/Src/stm32f1xx_hal.o
 .debug_loc     0x00002117      0x31e ./Drivers/STM32F1xx_HAL_Driver/Src/stm32f1xx_hal_cortex.o
 .debug_loc     0x00002435      0x2f1 ./Drivers/STM32F1xx_HAL_Driver/Src/stm32f1xx_hal_gpio.o
 .debug_loc     0x00002726      0x9e1 ./Drivers/STM32F1xx_HAL_Driver/Src/stm32f1xx_hal_pcd.o
 .debug_loc     0x00003107       0xa3 ./Drivers/STM32F1xx_HAL_Driver/Src/stm32f1xx_hal_pcd_ex.o
 .debug_loc     0x000031aa     0x1380 ./Drivers/STM32F1xx_HAL_Driver/Src/stm32f1xx_hal_rcc.o
 .debug_loc     0x0000452a      0x8ec ./Drivers/STM32F1xx_HAL_Driver/Src/stm32f1xx_hal_rcc_ex.o
 .debug_loc     0x00004e16      0xa9d ./Drivers/STM32F1xx_HAL_Driver/Src/stm32f1xx_ll_usb.o
 .debug_loc     0x000058b3       0xa4 ./Drivers/CMSIS/Device/ST/STM32F1xx/Source/Templates/system_stm32f1xx.o

.debug_aranges  0x00000000      0x960
 .debug_aranges
                0x00000000       0x50 ./System/syscalls.o
 .debug_aranges
                0x00000050       0x28 ./Src/main.o
 .debug_aranges
                0x00000078       0x20 ./Src/stm32f1xx_hal_msp.o
 .debug_aranges
                0x00000098       0x28 ./Src/stm32f1xx_it.o
 .debug_aranges
                0x000000c0       0x20 ./Src/usb_device.o
 .debug_aranges
                0x000000e0       0x50 ./Src/usbd_cdc_if.o
 .debug_aranges
                0x00000130      0x110 ./Src/usbd_conf.o
 .debug_aranges
                0x00000240       0x50 ./Src/usbd_desc.o
 .debug_aranges
                0x00000290       0xb8 ./Middlewares/ST/STM32_USB_Device_Library/Core/Src/usbd_core.o
 .debug_aranges
                0x00000348       0x48 ./Middlewares/ST/STM32_USB_Device_Library/Core/Src/usbd_ctlreq.o
 .debug_aranges
                0x00000390       0x50 ./Middlewares/ST/STM32_USB_Device_Library/Core/Src/usbd_ioreq.o
 .debug_aranges
                0x000003e0       0x90 ./Middlewares/ST/STM32_USB_Device_Library/Class/CDC/Src/usbd_cdc.o
 .debug_aranges
                0x00000470       0xb0 ./Drivers/STM32F1xx_HAL_Driver/Src/stm32f1xx_hal.o
 .debug_aranges
                0x00000520       0x90 ./Drivers/STM32F1xx_HAL_Driver/Src/stm32f1xx_hal_cortex.o
 .debug_aranges
                0x000005b0       0x58 ./Drivers/STM32F1xx_HAL_Driver/Src/stm32f1xx_hal_gpio.o
 .debug_aranges
                0x00000608      0x118 ./Drivers/STM32F1xx_HAL_Driver/Src/stm32f1xx_hal_pcd.o
 .debug_aranges
                0x00000720       0x28 ./Drivers/STM32F1xx_HAL_Driver/Src/stm32f1xx_hal_pcd_ex.o
 .debug_aranges
                0x00000748       0x88 ./Drivers/STM32F1xx_HAL_Driver/Src/stm32f1xx_hal_rcc.o
 .debug_aranges
                0x000007d0       0x40 ./Drivers/STM32F1xx_HAL_Driver/Src/stm32f1xx_hal_rcc_ex.o
 .debug_aranges
                0x00000810      0x100 ./Drivers/STM32F1xx_HAL_Driver/Src/stm32f1xx_ll_usb.o
 .debug_aranges
                0x00000910       0x28 ./Drivers/CMSIS/Device/ST/STM32F1xx/Source/Templates/gcc/startup_stm32f102x6.o
 .debug_aranges
                0x00000938       0x28 ./Drivers/CMSIS/Device/ST/STM32F1xx/Source/Templates/system_stm32f1xx.o

.debug_ranges   0x00000000      0xa60
 .debug_ranges  0x00000000       0x40 ./System/syscalls.o
 .debug_ranges  0x00000040       0x38 ./Src/main.o
 .debug_ranges  0x00000078       0x10 ./Src/stm32f1xx_hal_msp.o
 .debug_ranges  0x00000088       0x18 ./Src/stm32f1xx_it.o
 .debug_ranges  0x000000a0       0x10 ./Src/usb_device.o
 .debug_ranges  0x000000b0       0x40 ./Src/usbd_cdc_if.o
 .debug_ranges  0x000000f0      0x128 ./Src/usbd_conf.o
 .debug_ranges  0x00000218       0xa0 ./Src/usbd_desc.o
 .debug_ranges  0x000002b8       0xa8 ./Middlewares/ST/STM32_USB_Device_Library/Core/Src/usbd_core.o
 .debug_ranges  0x00000360       0x38 ./Middlewares/ST/STM32_USB_Device_Library/Core/Src/usbd_ctlreq.o
 .debug_ranges  0x00000398       0x40 ./Middlewares/ST/STM32_USB_Device_Library/Core/Src/usbd_ioreq.o
 .debug_ranges  0x000003d8       0x80 ./Middlewares/ST/STM32_USB_Device_Library/Class/CDC/Src/usbd_cdc.o
 .debug_ranges  0x00000458       0xa0 ./Drivers/STM32F1xx_HAL_Driver/Src/stm32f1xx_hal.o
 .debug_ranges  0x000004f8      0x130 ./Drivers/STM32F1xx_HAL_Driver/Src/stm32f1xx_hal_cortex.o
 .debug_ranges  0x00000628       0x68 ./Drivers/STM32F1xx_HAL_Driver/Src/stm32f1xx_hal_gpio.o
 .debug_ranges  0x00000690      0x128 ./Drivers/STM32F1xx_HAL_Driver/Src/stm32f1xx_hal_pcd.o
 .debug_ranges  0x000007b8       0x18 ./Drivers/STM32F1xx_HAL_Driver/Src/stm32f1xx_hal_pcd_ex.o
 .debug_ranges  0x000007d0       0xb8 ./Drivers/STM32F1xx_HAL_Driver/Src/stm32f1xx_hal_rcc.o
 .debug_ranges  0x00000888       0x78 ./Drivers/STM32F1xx_HAL_Driver/Src/stm32f1xx_hal_rcc_ex.o
 .debug_ranges  0x00000900      0x128 ./Drivers/STM32F1xx_HAL_Driver/Src/stm32f1xx_ll_usb.o
 .debug_ranges  0x00000a28       0x20 ./Drivers/CMSIS/Device/ST/STM32F1xx/Source/Templates/gcc/startup_stm32f102x6.o
 .debug_ranges  0x00000a48       0x18 ./Drivers/CMSIS/Device/ST/STM32F1xx/Source/Templates/system_stm32f1xx.o

.debug_line     0x00000000     0x49c2
 .debug_line    0x00000000      0x175 ./System/syscalls.o
 .debug_line    0x00000175      0x2ab ./Src/main.o
 .debug_line    0x00000420      0x1c2 ./Src/stm32f1xx_hal_msp.o
 .debug_line    0x000005e2      0x225 ./Src/stm32f1xx_it.o
 .debug_line    0x00000807      0x21b ./Src/usb_device.o
 .debug_line    0x00000a22      0x273 ./Src/usbd_cdc_if.o
 .debug_line    0x00000c95      0x4f0 ./Src/usbd_conf.o
 .debug_line    0x00001185      0x1ed ./Src/usbd_desc.o
 .debug_line    0x00001372      0x38d ./Middlewares/ST/STM32_USB_Device_Library/Core/Src/usbd_core.o
 .debug_line    0x000016ff      0x2b4 ./Middlewares/ST/STM32_USB_Device_Library/Core/Src/usbd_ctlreq.o
 .debug_line    0x000019b3      0x21d ./Middlewares/ST/STM32_USB_Device_Library/Core/Src/usbd_ioreq.o
 .debug_line    0x00001bd0      0x3b7 ./Middlewares/ST/STM32_USB_Device_Library/Class/CDC/Src/usbd_cdc.o
 .debug_line    0x00001f87      0x37c ./Drivers/STM32F1xx_HAL_Driver/Src/stm32f1xx_hal.o
 .debug_line    0x00002303      0x34e ./Drivers/STM32F1xx_HAL_Driver/Src/stm32f1xx_hal_cortex.o
 .debug_line    0x00002651      0x363 ./Drivers/STM32F1xx_HAL_Driver/Src/stm32f1xx_hal_gpio.o
 .debug_line    0x000029b4      0x702 ./Drivers/STM32F1xx_HAL_Driver/Src/stm32f1xx_hal_pcd.o
 .debug_line    0x000030b6      0x228 ./Drivers/STM32F1xx_HAL_Driver/Src/stm32f1xx_hal_pcd_ex.o
 .debug_line    0x000032de      0x9da ./Drivers/STM32F1xx_HAL_Driver/Src/stm32f1xx_hal_rcc.o
 .debug_line    0x00003cb8      0x535 ./Drivers/STM32F1xx_HAL_Driver/Src/stm32f1xx_hal_rcc_ex.o
 .debug_line    0x000041ed      0x552 ./Drivers/STM32F1xx_HAL_Driver/Src/stm32f1xx_ll_usb.o
 .debug_line    0x0000473f       0xae ./Drivers/CMSIS/Device/ST/STM32F1xx/Source/Templates/gcc/startup_stm32f102x6.o
 .debug_line    0x000047ed      0x1d5 ./Drivers/CMSIS/Device/ST/STM32F1xx/Source/Templates/system_stm32f1xx.o

.debug_str      0x00000000     0x2b84
 .debug_str     0x00000000      0x5f5 ./System/syscalls.o
                                0x68a (size before relaxing)
 .debug_str     0x000005f5      0x366 ./Src/main.o
                                0x506 (size before relaxing)
 .debug_str     0x0000095b      0x2b4 ./Src/stm32f1xx_hal_msp.o
                                0x451 (size before relaxing)
 .debug_str     0x00000c0f      0x337 ./Src/stm32f1xx_it.o
                                0x516 (size before relaxing)
 .debug_str     0x00000f46      0x3d7 ./Src/usb_device.o
                                0x662 (size before relaxing)
 .debug_str     0x0000131d      0x17c ./Src/usbd_cdc_if.o
                                0x7a0 (size before relaxing)
 .debug_str     0x00001499      0x533 ./Src/usbd_conf.o
                               0x1059 (size before relaxing)
 .debug_str     0x000019cc      0x11d ./Src/usbd_desc.o
                                0x3fa (size before relaxing)
 .debug_str     0x00001ae9      0x148 ./Middlewares/ST/STM32_USB_Device_Library/Core/Src/usbd_core.o
                                0x83c (size before relaxing)
 .debug_str     0x00001c31       0xe5 ./Middlewares/ST/STM32_USB_Device_Library/Core/Src/usbd_ctlreq.o
                                0x76d (size before relaxing)
 .debug_str     0x00001d16       0x63 ./Middlewares/ST/STM32_USB_Device_Library/Core/Src/usbd_ioreq.o
                                0x69a (size before relaxing)
 .debug_str     0x00001d79      0x185 ./Middlewares/ST/STM32_USB_Device_Library/Class/CDC/Src/usbd_cdc.o
                                0x8e6 (size before relaxing)
 .debug_str     0x00001efe      0x213 ./Drivers/STM32F1xx_HAL_Driver/Src/stm32f1xx_hal.o
                                0x6db (size before relaxing)
 .debug_str     0x00002111      0x20d ./Drivers/STM32F1xx_HAL_Driver/Src/stm32f1xx_hal_cortex.o
                                0x811 (size before relaxing)
 .debug_str     0x0000231e      0x11c ./Drivers/STM32F1xx_HAL_Driver/Src/stm32f1xx_hal_gpio.o
                                0x424 (size before relaxing)
 .debug_str     0x0000243a      0x2f2 ./Drivers/STM32F1xx_HAL_Driver/Src/stm32f1xx_hal_pcd.o
                                0xa50 (size before relaxing)
 .debug_str     0x0000272c       0x43 ./Drivers/STM32F1xx_HAL_Driver/Src/stm32f1xx_hal_pcd_ex.o
                                0x55b (size before relaxing)
 .debug_str     0x0000276f      0x1bf ./Drivers/STM32F1xx_HAL_Driver/Src/stm32f1xx_hal_rcc.o
                                0x5f5 (size before relaxing)
 .debug_str     0x0000292e       0x96 ./Drivers/STM32F1xx_HAL_Driver/Src/stm32f1xx_hal_rcc_ex.o
                                0x4cd (size before relaxing)
 .debug_str     0x000029c4      0x144 ./Drivers/STM32F1xx_HAL_Driver/Src/stm32f1xx_ll_usb.o
                                0x72e (size before relaxing)
 .debug_str     0x00002b08       0x7c ./Drivers/CMSIS/Device/ST/STM32F1xx/Source/Templates/system_stm32f1xx.o
                                0x2ec (size before relaxing)

.comment        0x00000000       0x70
 .comment       0x00000000       0x70 ./System/syscalls.o
                                 0x71 (size before relaxing)
 .comment       0x00000000       0x71 ./Src/main.o
 .comment       0x00000000       0x71 ./Src/stm32f1xx_hal_msp.o
 .comment       0x00000000       0x71 ./Src/stm32f1xx_it.o
 .comment       0x00000000       0x71 ./Src/usb_device.o
 .comment       0x00000000       0x71 ./Src/usbd_cdc_if.o
 .comment       0x00000000       0x71 ./Src/usbd_conf.o
 .comment       0x00000000       0x71 ./Src/usbd_desc.o
 .comment       0x00000000       0x71 ./Middlewares/ST/STM32_USB_Device_Library/Core/Src/usbd_core.o
 .comment       0x00000000       0x71 ./Middlewares/ST/STM32_USB_Device_Library/Core/Src/usbd_ctlreq.o
 .comment       0x00000000       0x71 ./Middlewares/ST/STM32_USB_Device_Library/Core/Src/usbd_ioreq.o
 .comment       0x00000000       0x71 ./Middlewares/ST/STM32_USB_Device_Library/Class/CDC/Src/usbd_cdc.o
 .comment       0x00000000       0x71 ./Drivers/STM32F1xx_HAL_Driver/Src/stm32f1xx_hal.o
 .comment       0x00000000       0x71 ./Drivers/STM32F1xx_HAL_Driver/Src/stm32f1xx_hal_cortex.o
 .comment       0x00000000       0x71 ./Drivers/STM32F1xx_HAL_Driver/Src/stm32f1xx_hal_gpio.o
 .comment       0x00000000       0x71 ./Drivers/STM32F1xx_HAL_Driver/Src/stm32f1xx_hal_pcd.o
 .comment       0x00000000       0x71 ./Drivers/STM32F1xx_HAL_Driver/Src/stm32f1xx_hal_pcd_ex.o
 .comment       0x00000000       0x71 ./Drivers/STM32F1xx_HAL_Driver/Src/stm32f1xx_hal_rcc.o
 .comment       0x00000000       0x71 ./Drivers/STM32F1xx_HAL_Driver/Src/stm32f1xx_hal_rcc_ex.o
 .comment       0x00000000       0x71 ./Drivers/STM32F1xx_HAL_Driver/Src/stm32f1xx_ll_usb.o
 .comment       0x00000000       0x71 ./Drivers/CMSIS/Device/ST/STM32F1xx/Source/Templates/system_stm32f1xx.o

.debug_frame    0x00000000     0x1728
 .debug_frame   0x00000000       0x98 ./System/syscalls.o
 .debug_frame   0x00000098       0x4c ./Src/main.o
 .debug_frame   0x000000e4       0x28 ./Src/stm32f1xx_hal_msp.o
 .debug_frame   0x0000010c       0x3c ./Src/stm32f1xx_it.o
 .debug_frame   0x00000148       0x2c ./Src/usb_device.o
 .debug_frame   0x00000174       0xb0 ./Src/usbd_cdc_if.o
 .debug_frame   0x00000224      0x288 ./Src/usbd_conf.o
 .debug_frame   0x000004ac       0xa8 ./Src/usbd_desc.o
 .debug_frame   0x00000554      0x1bc ./Middlewares/ST/STM32_USB_Device_Library/Core/Src/usbd_core.o
 .debug_frame   0x00000710       0xb0 ./Middlewares/ST/STM32_USB_Device_Library/Core/Src/usbd_ctlreq.o
 .debug_frame   0x000007c0       0xc0 ./Middlewares/ST/STM32_USB_Device_Library/Core/Src/usbd_ioreq.o
 .debug_frame   0x00000880      0x150 ./Middlewares/ST/STM32_USB_Device_Library/Class/CDC/Src/usbd_cdc.o
 .debug_frame   0x000009d0      0x164 ./Drivers/STM32F1xx_HAL_Driver/Src/stm32f1xx_hal.o
 .debug_frame   0x00000b34      0x124 ./Drivers/STM32F1xx_HAL_Driver/Src/stm32f1xx_hal_cortex.o
 .debug_frame   0x00000c58       0xc4 ./Drivers/STM32F1xx_HAL_Driver/Src/stm32f1xx_hal_gpio.o
 .debug_frame   0x00000d1c      0x2b4 ./Drivers/STM32F1xx_HAL_Driver/Src/stm32f1xx_hal_pcd.o
 .debug_frame   0x00000fd0       0x30 ./Drivers/STM32F1xx_HAL_Driver/Src/stm32f1xx_hal_pcd_ex.o
 .debug_frame   0x00001000      0x15c ./Drivers/STM32F1xx_HAL_Driver/Src/stm32f1xx_hal_rcc.o
 .debug_frame   0x0000115c       0x98 ./Drivers/STM32F1xx_HAL_Driver/Src/stm32f1xx_hal_rcc_ex.o
 .debug_frame   0x000011f4      0x234 ./Drivers/STM32F1xx_HAL_Driver/Src/stm32f1xx_ll_usb.o
 .debug_frame   0x00001428       0x30 ./Drivers/CMSIS/Device/ST/STM32F1xx/Source/Templates/system_stm32f1xx.o
 .debug_frame   0x00001458       0x20 c:/armtoolchain/arm_gcc/bin/../lib/gcc/arm-none-eabi/4.9.3/../../../../arm-none-eabi/lib/armv7-m\libg.a(lib_a-errno.o)
 .debug_frame   0x00001478       0x2c c:/armtoolchain/arm_gcc/bin/../lib/gcc/arm-none-eabi/4.9.3/../../../../arm-none-eabi/lib/armv7-m\libg.a(lib_a-init.o)
 .debug_frame   0x000014a4       0x30 c:/armtoolchain/arm_gcc/bin/../lib/gcc/arm-none-eabi/4.9.3/../../../../arm-none-eabi/lib/armv7-m\libg.a(lib_a-malloc.o)
 .debug_frame   0x000014d4       0x54 c:/armtoolchain/arm_gcc/bin/../lib/gcc/arm-none-eabi/4.9.3/../../../../arm-none-eabi/lib/armv7-m\libg.a(lib_a-mallocr.o)
 .debug_frame   0x00001528       0x30 c:/armtoolchain/arm_gcc/bin/../lib/gcc/arm-none-eabi/4.9.3/../../../../arm-none-eabi/lib/armv7-m\libg.a(lib_a-mlock.o)
 .debug_frame   0x00001558       0x2c c:/armtoolchain/arm_gcc/bin/../lib/gcc/arm-none-eabi/4.9.3/../../../../arm-none-eabi/lib/armv7-m\libg.a(lib_a-sbrkr.o)
 .debug_frame   0x00001584       0x50 c:/armtoolchain/arm_gcc/bin/../lib/gcc/arm-none-eabi/4.9.3/../../../../arm-none-eabi/lib/armv7-m\libg.a(lib_a-__call_atexit.o)
 .debug_frame   0x000015d4       0x20 c:/armtoolchain/arm_gcc/bin/../lib/gcc/arm-none-eabi/4.9.3/../../../../arm-none-eabi/lib/armv7-m\libg.a(lib_a-atexit.o)
 .debug_frame   0x000015f4       0x34 c:/armtoolchain/arm_gcc/bin/../lib/gcc/arm-none-eabi/4.9.3/../../../../arm-none-eabi/lib/armv7-m\libg.a(lib_a-fini.o)
 .debug_frame   0x00001628       0x74 c:/armtoolchain/arm_gcc/bin/../lib/gcc/arm-none-eabi/4.9.3/../../../../arm-none-eabi/lib/armv7-m\libg.a(lib_a-freer.o)
 .debug_frame   0x0000169c       0x58 c:/armtoolchain/arm_gcc/bin/../lib/gcc/arm-none-eabi/4.9.3/../../../../arm-none-eabi/lib/armv7-m\libg.a(lib_a-reent.o)
 .debug_frame   0x000016f4       0x34 c:/armtoolchain/arm_gcc/bin/../lib/gcc/arm-none-eabi/4.9.3/../../../../arm-none-eabi/lib/armv7-m\libg.a(lib_a-__atexit.o)
